 PID_control_sfun

 Timestamp is 5c8dbb12 (Sat Mar 16 20:12:18 2019)

 Preferred load address is 0000000180000000

 Start         Length     Name                   Class
 0001:00000000 00011700H .text$mn                CODE
 0001:00011700 00000012H .text$mn$00             CODE
 0001:00011712 00000081H .text$x                 CODE
 0002:00000000 000004c0H .idata$5                DATA
 0002:000004c0 00000010H .00cfg                  DATA
 0002:000004d0 00000008H .CRT$XCA                DATA
 0002:000004d8 00000008H .CRT$XCZ                DATA
 0002:000004e0 00000008H .CRT$XIA                DATA
 0002:000004e8 00000008H .CRT$XIZ                DATA
 0002:000004f0 00000008H .CRT$XPA                DATA
 0002:000004f8 00000008H .CRT$XPZ                DATA
 0002:00000500 00000008H .CRT$XTA                DATA
 0002:00000508 00000008H .CRT$XTZ                DATA
 0002:00000510 00000000H .gfids$y                DATA
 0002:00000510 00000270H .rdata                  DATA
 0002:00000780 00000218H .rdata$zzzdbg           DATA
 0002:00000998 00000008H .rtc$IAA                DATA
 0002:000009a0 00000008H .rtc$IZZ                DATA
 0002:000009a8 00000008H .rtc$TAA                DATA
 0002:000009b0 00000008H .rtc$TZZ                DATA
 0002:000009b8 00000888H .xdata                  DATA
 0002:00001240 0000007cH .edata                  DATA
 0002:000012bc 000000dcH .idata$2                DATA
 0002:00001398 00000018H .idata$3                DATA
 0002:000013b0 000004c0H .idata$4                DATA
 0002:00001870 00000e48H .idata$6                DATA
 0003:00000000 00002df0H .data                   DATA
 0003:00002df0 00001638H .bss                    DATA
 0004:00000000 00000a2cH .pdata                  DATA

  Address         Publics by Value              Rva+Base               Lib:Object

 0000:00000000       __hybrid_code_map          0000000000000000     <absolute>
 0000:00000000       __guard_iat_count          0000000000000000     <absolute>
 0000:00000000       __enclave_config           0000000000000000     <absolute>
 0000:00000000       __dynamic_value_reloc_table 0000000000000000     <absolute>
 0000:00000000       __guard_longjmp_table      0000000000000000     <absolute>
 0000:00000000       __guard_longjmp_count      0000000000000000     <absolute>
 0000:00000000       __guard_iat_table          0000000000000000     <absolute>
 0000:00000000       __volatile_metadata        0000000000000000     <absolute>
 0000:00000000       __hybrid_code_map_count    0000000000000000     <absolute>
 0000:00000000       ___safe_se_handler_count   0000000000000000     <absolute>
 0000:00000000       __guard_fids_count         0000000000000000     <absolute>
 0000:00000000       __hybrid_auxiliary_iat     0000000000000000     <absolute>
 0000:00000000       ___safe_se_handler_table   0000000000000000     <absolute>
 0000:00000000       __guard_fids_table         0000000000000000     <absolute>
 0000:00000100       __guard_flags              0000000000000100     <absolute>
 0000:00000000       __ImageBase                0000000180000000     <linker-defined>
 0001:00000000       PID_control_initializer    0000000180001000 f   PID_control_sfun.obj
 0001:00000010       PID_control_terminator     0000000180001010 f   PID_control_sfun.obj
 0001:00000020       load_PID_control_optimization_info 0000000180001020 f   PID_control_sfun.obj
 0001:000000d0       unload_PID_control_optimization_info 00000001800010d0 f   PID_control_sfun.obj
 0001:00000100       sf_PID_control_method_dispatcher 0000000180001100 f   PID_control_sfun.obj
 0001:00000150       sf_PID_control_process_check_sum_call 0000000180001150 f   PID_control_sfun.obj
 0001:00000640       sf_PID_control_autoinheritance_info 0000000180001640 f   PID_control_sfun.obj
 0001:00000820       sf_PID_control_get_eml_resolved_functions_info 0000000180001820 f   PID_control_sfun.obj
 0001:00000a00       sf_PID_control_third_party_uses_info 0000000180001a00 f   PID_control_sfun.obj
 0001:00000bd0       sf_PID_control_jit_fallback_info 0000000180001bd0 f   PID_control_sfun.obj
 0001:00000da0       sf_PID_control_updateBuildInfo_args_info 0000000180001da0 f   PID_control_sfun.obj
 0001:00000f70       PID_control_debug_initialize 0000000180001f70 f   PID_control_sfun.obj
 0001:00000ff0       PID_control_register_exported_symbols 0000000180001ff0 f   PID_control_sfun.obj
 0001:00001000       sf_c2_PID_control_get_eml_resolved_functions_info 0000000180002000 f   c2_PID_control.obj
 0001:00001080       sf_c2_PID_control_get_check_sum 0000000180002080 f   c2_PID_control.obj
 0001:00001150       c2_PID_control_method_dispatcher 0000000180002150 f   c2_PID_control.obj
 0001:00004c90       sf_c2_PID_control_get_post_codegen_info 0000000180005c90 f   c2_PID_control.obj
 0001:00004d60       sf_c2_PID_control_get_autoinheritance_info 0000000180005d60 f   c2_PID_control.obj
 0001:00005d20       sf_c2_PID_control_third_party_uses_info 0000000180006d20 f   c2_PID_control.obj
 0001:00005d50       sf_c2_PID_control_jit_fallback_info 0000000180006d50 f   c2_PID_control.obj
 0001:00005ee0       sf_c2_PID_control_updateBuildInfo_args_info 0000000180006ee0 f   c2_PID_control.obj
 0001:00006d20       mexFunction                0000000180007d20 f   PID_control_sfun_registry.obj
 0001:000092e0       _ssSetInputPortDirectFeedThroughFcn 000000018000a2e0 f   PID_control_sfun_registry.obj
 0001:00009450       _ssGetInputPortSignalPtrsFcn 000000018000a450 f   PID_control_sfun_registry.obj
 0001:000097e0       _ssGetInputPortSignalFcn   000000018000a7e0 f   PID_control_sfun_registry.obj
 0001:00009b70       _ssSetInputPortReusableFcn 000000018000ab70 f   PID_control_sfun_registry.obj
 0001:00009c70       _ssSetOutputPortReusableFcn 000000018000ac70 f   PID_control_sfun_registry.obj
 0001:00009d70       _ssSetSymbolicDimsSupport  000000018000ad70 f   PID_control_sfun_registry.obj
 0001:00009de0       _ssRegisterSymbolicDimsExpr 000000018000ade0 f   PID_control_sfun_registry.obj
 0001:00009e60       _ssRegisterSymbolicDims    000000018000ae60 f   PID_control_sfun_registry.obj
 0001:00009f00       _ssRegisterSymbolicDimsString 000000018000af00 f   PID_control_sfun_registry.obj
 0001:00009f80       _ssRegisterSymbolicDimsIntValue 000000018000af80 f   PID_control_sfun_registry.obj
 0001:00009ff0       _ssRegisterSymbolicDimsPlus 000000018000aff0 f   PID_control_sfun_registry.obj
 0001:0000a070       _ssRegisterSymbolicDimsMinus 000000018000b070 f   PID_control_sfun_registry.obj
 0001:0000a0f0       _ssRegisterSymbolicDimsMultiply 000000018000b0f0 f   PID_control_sfun_registry.obj
 0001:0000a170       _ssRegisterSymbolicDimsDivide 000000018000b170 f   PID_control_sfun_registry.obj
 0001:0000a1f0       _ssGetNumSymbolicDims      000000018000b1f0 f   PID_control_sfun_registry.obj
 0001:0000a260       _ssGetSymbolicDim          000000018000b260 f   PID_control_sfun_registry.obj
 0001:0000a2e0       _ssSetInputPortSymbolicDimsId 000000018000b2e0 f   PID_control_sfun_registry.obj
 0001:0000a350       _ssGetCompInputPortSymbolicDimsId 000000018000b350 f   PID_control_sfun_registry.obj
 0001:0000a3c0       _ssSetCompInputPortSymbolicDimsId 000000018000b3c0 f   PID_control_sfun_registry.obj
 0001:0000a430       _ssSetOutputPortSymbolicDimsId 000000018000b430 f   PID_control_sfun_registry.obj
 0001:0000a4a0       _ssGetCompOutputPortSymbolicDimsId 000000018000b4a0 f   PID_control_sfun_registry.obj
 0001:0000a510       _ssSetCompOutputPortSymbolicDimsId 000000018000b510 f   PID_control_sfun_registry.obj
 0001:0000a580       _ssSetCompDWorkSymbolicDimsId 000000018000b580 f   PID_control_sfun_registry.obj
 0001:0000a5f0       ssGetIsZeroCrossControlDisabled 000000018000b5f0 f   PID_control_sfun_registry.obj
 0001:0000a660       ssSetIsInputPortUsedForContZcSignal 000000018000b660 f   PID_control_sfun_registry.obj
 0001:0000a6d0       ssSetZcSignalIsZcElementDisc 000000018000b6d0 f   PID_control_sfun_registry.obj
 0001:0000a780       ssSetZcSignalName          000000018000b780 f   PID_control_sfun_registry.obj
 0001:0000a7f0       ssSetZcSignalWidth         000000018000b7f0 f   PID_control_sfun_registry.obj
 0001:0000a860       ssSetZcSignalZcEventType   000000018000b860 f   PID_control_sfun_registry.obj
 0001:0000a8d0       ssSetZcSignalType          000000018000b8d0 f   PID_control_sfun_registry.obj
 0001:0000a940       ssSetZcSignalZcTol         000000018000b940 f   PID_control_sfun_registry.obj
 0001:0000a9b0       ssSetZcSignalNeedsEventNotification 000000018000b9b0 f   PID_control_sfun_registry.obj
 0001:0000aa20       ssCreateAndAddZcSignalInfo 000000018000ba20 f   PID_control_sfun_registry.obj
 0001:0000aa90       ssCloneAndAddZcSignalInfo  000000018000ba90 f   PID_control_sfun_registry.obj
 0001:0000ab00       ssGetNumZcSignals          000000018000bb00 f   PID_control_sfun_registry.obj
 0001:0000ab70       ssGetZcSignalVector        000000018000bb70 f   PID_control_sfun_registry.obj
 0001:0000abe0       ssGetZcSignalName          000000018000bbe0 f   PID_control_sfun_registry.obj
 0001:0000ac50       ssGetZcSignalWidth         000000018000bc50 f   PID_control_sfun_registry.obj
 0001:0000acc0       ssGetZcSignalZcEventType   000000018000bcc0 f   PID_control_sfun_registry.obj
 0001:0000ad30       ssGetZcSignalZcEvents      000000018000bd30 f   PID_control_sfun_registry.obj
 0001:0000ada0       ssGetZcSignalType          000000018000bda0 f   PID_control_sfun_registry.obj
 0001:0000ae10       ssGetZcSignalZcTol         000000018000be10 f   PID_control_sfun_registry.obj
 0001:0000ae90       ssGetZcSignalNeedsEventNotification 000000018000be90 f   PID_control_sfun_registry.obj
 0001:0000af00       ssGetZcSignalIsZcElementDisc 000000018000bf00 f   PID_control_sfun_registry.obj
 0001:0000afa0       ssGetIsInputPortElementContinuous 000000018000bfa0 f   PID_control_sfun_registry.obj
 0001:0000b040       _ssSetIWorkValueFcn        000000018000c040 f   PID_control_sfun_registry.obj
 0001:0000b0c0       _ssGetIWorkValueFcn        000000018000c0c0 f   PID_control_sfun_registry.obj
 0001:0000b130       _ssSetRWorkValueFcn        000000018000c130 f   PID_control_sfun_registry.obj
 0001:0000b1b0       _ssGetRWorkValueFcn        000000018000c1b0 f   PID_control_sfun_registry.obj
 0001:0000b220       _ssSetPWorkValueFcn        000000018000c220 f   PID_control_sfun_registry.obj
 0001:0000b2a0       _ssGetPWorkValueFcn        000000018000c2a0 f   PID_control_sfun_registry.obj
 0001:0000b310       ssGetDTypeIdFromMxArray    000000018000c310 f   PID_control_sfun_registry.obj
 0001:0000b430       ssWriteRTWStr              000000018000c430 f   PID_control_sfun_registry.obj
 0001:0000b490       ssWriteRTWNameValuePair    000000018000c490 f   PID_control_sfun_registry.obj
 0001:0000b990       ssWriteRTWParamSettings    000000018000c990 f   PID_control_sfun_registry.obj
 0001:0000c080       ssWriteRTWParameters       000000018000d080 f   PID_control_sfun_registry.obj
 0001:0000c640       ssWriteRTWWorkVect         000000018000d640 f   PID_control_sfun_registry.obj
 0001:0000cba0       ssWriteRTWMxVectParam      000000018000dba0 f   PID_control_sfun_registry.obj
 0001:0000cc20       ssWriteRTWMx2dMatParam     000000018000dc20 f   PID_control_sfun_registry.obj
 0001:0000ccb0       _ssSetInputPortMatrixDimensions 000000018000dcb0 f   PID_control_sfun_registry.obj
 0001:0000cdd0       _ssSetOutputPortMatrixDimensions 000000018000ddd0 f   PID_control_sfun_registry.obj
 0001:0000cef0       _ssSetInputPortVectorDimension 000000018000def0 f   PID_control_sfun_registry.obj
 0001:0000cfa0       _ssSetOutputPortVectorDimension 000000018000dfa0 f   PID_control_sfun_registry.obj
 0001:0000d050       ssIsRunTimeParamTunable    000000018000e050 f   PID_control_sfun_registry.obj
 0001:0000d0c0       ssGetSFuncBlockHandle      000000018000e0c0 f   PID_control_sfun_registry.obj
 0001:0000d130       _ssGetCurrentInputPortWidth 000000018000e130 f   PID_control_sfun_registry.obj
 0001:0000d250       _ssGetCurrentOutputPortWidth 000000018000e250 f   PID_control_sfun_registry.obj
 0001:0000d370       _ssGetCallSystemNumFcnCallDestinations 000000018000e370 f   PID_control_sfun_registry.obj
 0001:0000d3e0       ssGetParameterTuningCompliance 000000018000e3e0 f   PID_control_sfun_registry.obj
 0001:0000d450       ssWarning                  000000018000e450 f   PID_control_sfun_registry.obj
 0001:0000d540       _ssGetAbsTol               000000018000e540 f   PID_control_sfun_registry.obj
 0001:0000d5b0       _ssSetStateAbsTol          000000018000e5b0 f   PID_control_sfun_registry.obj
 0001:0000d690       sf_process_check_sum_call  000000018000e690 f   PID_control_sfun_registry.obj
 0001:0000d6e0       sf_process_autoinheritance_call 000000018000e6e0 f   PID_control_sfun_registry.obj
 0001:0000d910       sf_process_get_third_party_uses_info_call 000000018000e910 f   PID_control_sfun_registry.obj
 0001:0000db40       sf_process_get_jit_fallback_info_call 000000018000eb40 f   PID_control_sfun_registry.obj
 0001:0000dd70       sf_process_get_updateBuildInfo_args_info_call 000000018000ed70 f   PID_control_sfun_registry.obj
 0001:0000dfa0       sf_process_get_eml_resolved_functions_info_call 000000018000efa0 f   PID_control_sfun_registry.obj
 0001:0000e1d0       sf_mex_unlock_call         000000018000f1d0 f   PID_control_sfun_registry.obj
 0001:0000e470       sf_machine_global_initializer_called 000000018000f470 f   PID_control_sfun_registry.obj
 0001:0000e4a0       sf_machine_global_method_dispatcher 000000018000f4a0 f   PID_control_sfun_registry.obj
 0001:0000e500       sf_machine_global_terminator 000000018000f500 f   PID_control_sfun_registry.obj
 0001:0000e550       sf_register_machine_exported_symbols 000000018000f550 f   PID_control_sfun_registry.obj
 0001:0000e570       callCustomFcn              000000018000f570 f   PID_control_sfun_registry.obj
 0001:0000e580       sf_machine_global_initializer 000000018000f580 f   PID_control_sfun_registry.obj
 0001:0000e600       mdlGetSimState             000000018000f600 f   PID_control_sfun_registry.obj
 0001:0000e640       mdlSetSimState             000000018000f640 f   PID_control_sfun_registry.obj
 0001:0000eeb0       ProcessMexSfunctionEveryCall 000000018000feb0 f   PID_control_sfun_registry.obj
 0001:0000ff10       __local_stdio_printf_options 0000000180010f10 f i PID_control_sfun_registry.obj
 0001:0000ff20       _vsnprintf_l               0000000180010f20 f i PID_control_sfun_registry.obj
 0001:0000ffa0       _vsprintf_l                0000000180010fa0 f i PID_control_sfun_registry.obj
 0001:0000fff0       sprintf                    0000000180010ff0 f i PID_control_sfun_registry.obj
 0001:00010040       mexfilerequiredapiversion  0000000180011040 f   c_mexapi_version.obj
 0001:00010061       sf_load_rtw_optimization_info 0000000180011061 f   sf_runtime:sf_runtime.dll
 0001:00010067       sf_debug_initialize_machine 0000000180011067 f   sf_runtime:sf_runtime.dll
 0001:0001006d       sf_debug_set_machine_event_thresholds 000000018001106d f   sf_runtime:sf_runtime.dll
 0001:00010073       sf_debug_set_machine_data_thresholds 0000000180011073 f   sf_runtime:sf_runtime.dll
 0001:00010079       sf_init_ChartRunTimeInfo   0000000180011079 f   sf_runtime:sf_runtime.dll
 0001:0001007f       sf_free_ChartRunTimeInfo   000000018001107f f   sf_runtime:sf_runtime.dll
 0001:00010085       sfrtGetEmlrtCtx            0000000180011085 f   sf_runtime:sf_runtime.dll
 0001:0001008b       sf_get_chart_instance_ptr  000000018001108b f   sf_runtime:sf_runtime.dll
 0001:00010091       sf_rtw_info_uint_prop      0000000180011091 f   sf_runtime:sf_runtime.dll
 0001:00010097       sf_update_buildInfo        0000000180011097 f   sf_runtime:sf_runtime.dll
 0001:0001009d       sf_is_chart_inlinable      000000018001109d f   sf_runtime:sf_runtime.dll
 0001:000100a3       sf_mark_chart_reusable_outputs 00000001800110a3 f   sf_runtime:sf_runtime.dll
 0001:000100a9       sf_mark_chart_expressionable_inputs 00000001800110a9 f   sf_runtime:sf_runtime.dll
 0001:000100af       sim_mode_is_rtw_gen        00000001800110af f   sf_runtime:sf_runtime.dll
 0001:000100b5       sim_mode_is_external       00000001800110b5 f   sf_runtime:sf_runtime.dll
 0001:000100bb       sim_mode_is_modelref_sim   00000001800110bb f   sf_runtime:sf_runtime.dll
 0001:000100c1       sf_clear_rtw_identifier    00000001800110c1 f   sf_runtime:sf_runtime.dll
 0001:000100c7       sf_set_rtw_dwork_info      00000001800110c7 f   sf_runtime:sf_runtime.dll
 0001:000100cd       sf_get_time                00000001800110cd f   sf_runtime:sf_runtime.dll
 0001:000100d3       sf_is_first_init_cond      00000001800110d3 f   sf_runtime:sf_runtime.dll
 0001:000100d9       sf_set_chart_accesses_machine_info 00000001800110d9 f   sf_runtime:sf_runtime.dll
 0001:000100df       sf_register_codegen_names_for_scoped_functions_defined_by_chart 00000001800110df f   sf_runtime:sf_runtime.dll
 0001:000100e5       ssSetBlockIsPurelyCombinatorial_wrapper 00000001800110e5 f   sf_runtime:sf_runtime.dll
 0001:000100eb       sf_mex_error_message       00000001800110eb f   sf_runtime:sf_runtime.dll
 0001:000100f1       sf_mex_create              00000001800110f1 f   sf_runtime:sf_runtime.dll
 0001:000100f7       sf_mex_createcellmatrix    00000001800110f7 f   sf_runtime:sf_runtime.dll
 0001:000100fd       sf_mex_setcell             00000001800110fd f   sf_runtime:sf_runtime.dll
 0001:00010103       sf_mex_getcell             0000000180011103 f   sf_runtime:sf_runtime.dll
 0001:00010109       sf_mex_assign              0000000180011109 f   sf_runtime:sf_runtime.dll
 0001:0001010f       sf_mex_dup                 000000018001110f f   sf_runtime:sf_runtime.dll
 0001:00010115       sf_mex_destroy             0000000180011115 f   sf_runtime:sf_runtime.dll
 0001:0001011b       sf_mex_import              000000018001111b f   sf_runtime:sf_runtime.dll
 0001:00010121       sf_mex_decode_encoded_mx_struct_array 0000000180011121 f   sf_runtime:sf_runtime.dll
 0001:00010127       ssGetInputPortSignal_wrapper 0000000180011127 f   sf_runtime:sf_runtime.dll
 0001:0001012d       ssGetOutputPortSignal_wrapper 000000018001112d f   sf_runtime:sf_runtime.dll
 0001:00010133       sf_debug_initialize_chart  0000000180011133 f   sf_runtime:sf_runtime.dll
 0001:00010139       sf_debug_call              0000000180011139 f   sf_runtime:sf_runtime.dll
 0001:0001013f       eml_debug_line_call        000000018001113f f   sf_runtime:sf_runtime.dll
 0001:00010145       cv_eml_eval                0000000180011145 f   sf_runtime:sf_runtime.dll
 0001:0001014b       cv_eval_relational         000000018001114b f   sf_runtime:sf_runtime.dll
 0001:00010151       cv_eml_init_script         0000000180011151 f   sf_runtime:sf_runtime.dll
 0001:00010157       cv_eml_init_fcn            0000000180011157 f   sf_runtime:sf_runtime.dll
 0001:0001015d       cv_eml_init_if             000000018001115d f   sf_runtime:sf_runtime.dll
 0001:00010163       cv_eml_init_relational     0000000180011163 f   sf_runtime:sf_runtime.dll
 0001:00010169       sf_debug_reset_current_state_configuration 0000000180011169 f   sf_runtime:sf_runtime.dll
 0001:0001016f       sf_debug_check_for_state_inconsistency 000000018001116f f   sf_runtime:sf_runtime.dll
 0001:00010175       sf_debug_set_chart_data_props 0000000180011175 f   sf_runtime:sf_runtime.dll
 0001:0001017b       sf_debug_set_chart_data_compiled_props 000000018001117b f   sf_runtime:sf_runtime.dll
 0001:00010181       sf_debug_symbol_scope_push 0000000180011181 f   sf_runtime:sf_runtime.dll
 0001:00010187       sf_debug_symbol_scope_push_eml 0000000180011187 f   sf_runtime:sf_runtime.dll
 0001:0001018d       sf_debug_symbol_scope_pop  000000018001118d f   sf_runtime:sf_runtime.dll
 0001:00010193       sf_debug_symbol_scope_add_eml 0000000180011193 f   sf_runtime:sf_runtime.dll
 0001:00010199       sf_debug_symbol_scope_add_eml_importable 0000000180011199 f   sf_runtime:sf_runtime.dll
 0001:0001019f       sf_debug_set_instance_data_value_ptr 000000018001119f f   sf_runtime:sf_runtime.dll
 0001:000101a5       sf_debug_set_chart_disable_implicit_casting 00000001800111a5 f   sf_runtime:sf_runtime.dll
 0001:000101ab       sf_debug_set_chart_event_thresholds 00000001800111ab f   sf_runtime:sf_runtime.dll
 0001:000101b1       sf_debug_set_chart_state_info 00000001800111b1 f   sf_runtime:sf_runtime.dll
 0001:000101b7       sf_debug_set_chart_decomposition 00000001800111b7 f   sf_runtime:sf_runtime.dll
 0001:000101bd       sf_debug_set_chart_substate_count 00000001800111bd f   sf_runtime:sf_runtime.dll
 0001:000101c3       sf_debug_data_range_wrapper 00000001800111c3 f   sf_runtime:sf_runtime.dll
 0001:000101c9       sf_debug_cv_init_trans     00000001800111c9 f   sf_runtime:sf_runtime.dll
 0001:000101cf       sf_debug_cv_init_chart     00000001800111cf f   sf_runtime:sf_runtime.dll
 0001:000101d5       sf_debug_cv_init_state     00000001800111d5 f   sf_runtime:sf_runtime.dll
 0001:000101db       sf_get_ChartInfoStruct_CodeGen 00000001800111db f   sf_runtime:sf_runtime.dll
 0001:000101e1       sf_get_hasSeparateUpdateOutputs 00000001800111e1 f   sf_runtime:sf_runtime.dll
 0001:000101e7       callMdlMethodAndReportError 00000001800111e7 f   sf_runtime:sf_runtime.dll
 0001:000101ed       call_sf_machine_global_method_dispatcher 00000001800111ed f   sf_runtime:sf_runtime.dll
 0001:000101f3       getRuntimeInstanceInfoAsVoid 00000001800111f3 f   sf_runtime:sf_runtime.dll
 0001:000101f9       sf_mex_error_direct_call   00000001800111f9 f   sf_runtime:sf_runtime.dll
 0001:000101ff       sf_clear_error_manager_info 00000001800111ff f   sf_runtime:sf_runtime.dll
 0001:00010205       sf_debug_create_debug_instance_struct 0000000180011205 f   sf_runtime:sf_runtime.dll
 0001:0001020b       sf_debug_terminate         000000018001120b f   sf_runtime:sf_runtime.dll
 0001:00010211       sf_debug_api               0000000180011211 f   sf_runtime:sf_runtime.dll
 0001:00010217       mxIsChar                   0000000180011217 f   libmx:libmx.dll
 0001:0001021d       mxGetPr                    000000018001121d f   libmx:libmx.dll
 0001:00010223       mxGetScalar                0000000180011223 f   libmx:libmx.dll
 0001:00010229       mxDestroyArray             0000000180011229 f   libmx:libmx.dll
 0001:0001022f       mxCreateDoubleMatrix_730   000000018001122f f   libmx:libmx.dll
 0001:00010235       mxGetString_730            0000000180011235 f   libmx:libmx.dll
 0001:0001023b       mxDuplicateArray           000000018001123b f   libmx:libmx.dll
 0001:00010241       mxSetField_730             0000000180011241 f   libmx:libmx.dll
 0001:00010247       mxCreateDoubleScalar       0000000180011247 f   libmx:libmx.dll
 0001:0001024d       mxCreateString             000000018001124d f   libmx:libmx.dll
 0001:00010253       mxCreateCellMatrix_730     0000000180011253 f   libmx:libmx.dll
 0001:00010259       mxCreateCellArray_730      0000000180011259 f   libmx:libmx.dll
 0001:0001025f       mxCreateStructMatrix_730   000000018001125f f   libmx:libmx.dll
 0001:00010265       mxCreateStructArray_730    0000000180011265 f   libmx:libmx.dll
 0001:0001026b       mxCalloc                   000000018001126b f   libmx:libmx.dll
 0001:00010271       mxGetM                     0000000180011271 f   libmx:libmx.dll
 0001:00010277       mxGetClassID               0000000180011277 f   libmx:libmx.dll
 0001:0001027d       mxIsNumeric                000000018001127d f   libmx:libmx.dll
 0001:00010283       mxIsComplex                0000000180011283 f   libmx:libmx.dll
 0001:00010289       mxGetN                     0000000180011289 f   libmx:libmx.dll
 0001:0001028f       mexMakeArrayPersistent     000000018001128f f   libmex:libmex.dll
 0001:00010295       mexErrMsgTxt               0000000180011295 f   libmex:libmex.dll
 0001:0001029b       mexWarnMsgTxt              000000018001129b f   libmex:libmex.dll
 0001:000102a1       mexCallMATLABWithObject    00000001800112a1 f   libmex:libmex.dll
 0001:000102a7       mexLock                    00000001800112a7 f   libmex:libmex.dll
 0001:000102ad       mexUnlock                  00000001800112ad f   libmex:libmex.dll
 0001:000102b3       mexIsLocked                00000001800112b3 f   libmex:libmex.dll
 0001:000102b9       utMalloc                   00000001800112b9 f   libut:libut.dll
 0001:000102bf       utFree                     00000001800112bf f   libut:libut.dll
 0001:000102c5       muDoubleScalarAbs          00000001800112c5 f   libmwmathutil:libmwmathutil.dll
 0001:000102cc       __raise_securityfailure    00000001800112cc f   MSVCRT:gs_report.obj
 0001:00010300       __report_gsfailure         0000000180011300 f   MSVCRT:gs_report.obj
 0001:000103d4       __report_rangecheckfailure 00000001800113d4 f   MSVCRT:gs_report.obj
 0001:000103e8       __report_securityfailure   00000001800113e8 f   MSVCRT:gs_report.obj
 0001:00010484       __report_securityfailureEx 0000000180011484 f   MSVCRT:gs_report.obj
 0001:00010678       __GSHandlerCheck           0000000180011678 f   MSVCRT:_gshandler_.obj
 0001:00010698       __GSHandlerCheckCommon     0000000180011698 f   MSVCRT:_gshandler_.obj
 0001:00010710       __security_check_cookie    0000000180011710 f   MSVCRT:_amdsecgs_.obj
 0001:00010a80       _CRT_INIT                  0000000180011a80 f   MSVCRT:dll_dllmain.obj
 0001:00010a88       _DllMainCRTStartup         0000000180011a88 f   MSVCRT:dll_dllmain.obj
 0001:00010b34       __security_init_cookie     0000000180011b34 f   MSVCRT:gs_support.obj
 0001:00010be0       DllMain                    0000000180011be0 f   MSVCRT:dll_dllmain_stub.obj
 0001:00010c04       ?__scrt_initialize_type_info@@YAXXZ 0000000180011c04 f   MSVCRT:tncleanup.obj
 0001:00010c14       ?__scrt_uninitialize_type_info@@YAXXZ 0000000180011c14 f   MSVCRT:tncleanup.obj
 0001:00010c20       __local_stdio_scanf_options 0000000180011c20 f i MSVCRT:default_local_stdio_options.obj
 0001:00010c28       __scrt_initialize_default_local_stdio_options 0000000180011c28 f   MSVCRT:default_local_stdio_options.obj
 0001:00010c44       ??$__crt_fast_decode_pointer@PEAP6AXXZ@@YAPEAP6AXXZQEAP6AXXZ@Z 0000000180011c44 f i MSVCRT:utility.obj
 0001:00010c5c       ??$__crt_fast_encode_pointer@PEAP6AXXZ@@YAPEAP6AXXZQEAP6AXXZ@Z 0000000180011c5c f i MSVCRT:utility.obj
 0001:00010c7c       ?__crt_rotate_pointer_value@@YA_K_KH@Z 0000000180011c7c f i MSVCRT:utility.obj
 0001:00010c88       ?configure_argv@__scrt_narrow_argv_policy@@SAHXZ 0000000180011c88 f i MSVCRT:utility.obj
 0001:00010ce8       ?initialize_environment@__scrt_narrow_environment_policy@@SAHXZ 0000000180011ce8 f i MSVCRT:utility.obj
 0001:00010d20       NtCurrentTeb               0000000180011d20 f i MSVCRT:utility.obj
 0001:00010d2c       __scrt_acquire_startup_lock 0000000180011d2c f   MSVCRT:utility.obj
 0001:00010d68       __scrt_dllmain_after_initialize_c 0000000180011d68 f   MSVCRT:utility.obj
 0001:00010d9c       __scrt_dllmain_before_initialize_c 0000000180011d9c f   MSVCRT:utility.obj
 0001:00010db4       __scrt_dllmain_crt_thread_attach 0000000180011db4 f   MSVCRT:utility.obj
 0001:00010ddc       __scrt_dllmain_crt_thread_detach 0000000180011ddc f   MSVCRT:utility.obj
 0001:00010df4       __scrt_dllmain_exception_filter 0000000180011df4 f   MSVCRT:utility.obj
 0001:00010e54       __scrt_dllmain_uninitialize_c 0000000180011e54 f   MSVCRT:utility.obj
 0001:00010e84       __scrt_dllmain_uninitialize_critical 0000000180011e84 f   MSVCRT:utility.obj
 0001:00010e98       __scrt_initialize_crt      0000000180011e98 f   MSVCRT:utility.obj
 0001:00010ee4       __scrt_initialize_onexit_tables 0000000180011ee4 f   MSVCRT:utility.obj
 0001:00010fbc       __scrt_is_nonwritable_in_current_image 0000000180011fbc f   MSVCRT:utility.obj
 0001:00011058       __scrt_release_startup_lock 0000000180012058 f   MSVCRT:utility.obj
 0001:0001107c       __scrt_uninitialize_crt    000000018001207c f   MSVCRT:utility.obj
 0001:000110a8       _onexit                    00000001800120a8 f   MSVCRT:utility.obj
 0001:000110f8       at_quick_exit              00000001800120f8 f   MSVCRT:utility.obj
 0001:00011130       atexit                     0000000180012130 f   MSVCRT:utility.obj
 0001:00011148       __scrt_get_dyn_tls_init_callback 0000000180012148 f   MSVCRT:dyn_tls_init.obj
 0001:00011150       __crt_debugger_hook        0000000180012150 f   MSVCRT:utility_desktop.obj
 0001:00011158       __scrt_fastfail            0000000180012158 f   MSVCRT:utility_desktop.obj
 0001:000112a4       __scrt_get_show_window_mode 00000001800122a4 f   MSVCRT:utility_desktop.obj
 0001:000112e0       __scrt_initialize_mta      00000001800122e0 f   MSVCRT:utility_desktop.obj
 0001:000112e8       __scrt_initialize_winrt    00000001800122e8 f   MSVCRT:utility_desktop.obj
 0001:000112ec       __scrt_is_managed_app      00000001800122ec f   MSVCRT:utility_desktop.obj
 0001:00011340       __scrt_set_unhandled_exception_filter 0000000180012340 f   MSVCRT:utility_desktop.obj
 0001:00011350       __scrt_exe_initialize_mta  0000000180012350 f   MSVCRT:utility_desktop.obj
 0001:00011350       __scrt_stub_for_initialize_mta 0000000180012350 f   MSVCRT:utility_desktop.obj
 0001:00011354       __scrt_unhandled_exception_filter 0000000180012354 f   MSVCRT:utility_desktop.obj
 0001:0001138c       _RTC_Initialize            000000018001238c f   MSVCRT:_initsect_.obj
 0001:000113c8       _RTC_Terminate             00000001800123c8 f   MSVCRT:_initsect_.obj
 0001:00011404       _guard_check_icall_nop     0000000180012404 f i MSVCRT:guard_support.obj
 0001:00011408       ReadNoFence64              0000000180012408 f i MSVCRT:guard_support.obj
 0001:0001140c       ReadPointerNoFence         000000018001240c f i MSVCRT:guard_support.obj
 0001:00011410       _guard_icall_checks_enforced 0000000180012410 f i MSVCRT:guard_support.obj
 0001:00011428       _guard_rf_checks_enforced  0000000180012428 f i MSVCRT:guard_support.obj
 0001:0001142c       __isa_available_init       000000018001242c f   MSVCRT:_cpu_disp_.obj
 0001:000115e8       _get_startup_argv_mode     00000001800125e8 f   MSVCRT:argv_mode.obj
 0001:000115f0       __scrt_is_ucrt_dll_in_use  00000001800125f0 f   MSVCRT:ucrt_detection.obj
 0001:00011600       RtlCaptureContext          0000000180012600 f   kernel32:KERNEL32.dll
 0001:00011606       RtlLookupFunctionEntry     0000000180012606 f   kernel32:KERNEL32.dll
 0001:0001160c       RtlVirtualUnwind           000000018001260c f   kernel32:KERNEL32.dll
 0001:00011612       UnhandledExceptionFilter   0000000180012612 f   kernel32:KERNEL32.dll
 0001:00011618       SetUnhandledExceptionFilter 0000000180012618 f   kernel32:KERNEL32.dll
 0001:0001161e       GetCurrentProcess          000000018001261e f   kernel32:KERNEL32.dll
 0001:00011624       TerminateProcess           0000000180012624 f   kernel32:KERNEL32.dll
 0001:0001162a       IsProcessorFeaturePresent  000000018001262a f   kernel32:KERNEL32.dll
 0001:00011630       QueryPerformanceCounter    0000000180012630 f   kernel32:KERNEL32.dll
 0001:00011636       GetCurrentProcessId        0000000180012636 f   kernel32:KERNEL32.dll
 0001:0001163c       GetCurrentThreadId         000000018001263c f   kernel32:KERNEL32.dll
 0001:00011642       GetSystemTimeAsFileTime    0000000180012642 f   kernel32:KERNEL32.dll
 0001:00011648       DisableThreadLibraryCalls  0000000180012648 f   kernel32:KERNEL32.dll
 0001:0001164e       InitializeSListHead        000000018001264e f   kernel32:KERNEL32.dll
 0001:00011654       IsDebuggerPresent          0000000180012654 f   kernel32:KERNEL32.dll
 0001:0001165a       GetStartupInfoW            000000018001265a f   kernel32:KERNEL32.dll
 0001:00011660       GetModuleHandleW           0000000180012660 f   kernel32:KERNEL32.dll
 0001:00011666       memset                     0000000180012666 f   vcruntime:VCRUNTIME140.dll
 0001:0001166c       memcpy                     000000018001266c f   vcruntime:VCRUNTIME140.dll
 0001:00011672       __C_specific_handler       0000000180012672 f   vcruntime:VCRUNTIME140.dll
 0001:00011678       __std_type_info_destroy_list 0000000180012678 f   vcruntime:VCRUNTIME140.dll
 0001:0001167e       strcmp                     000000018001267e f   ucrt:api-ms-win-crt-string-l1-1-0.dll
 0001:00011684       __stdio_common_vsprintf    0000000180012684 f   ucrt:api-ms-win-crt-stdio-l1-1-0.dll
 0001:0001168a       free                       000000018001268a f   ucrt:api-ms-win-crt-heap-l1-1-0.dll
 0001:00011690       malloc                     0000000180012690 f   ucrt:api-ms-win-crt-heap-l1-1-0.dll
 0001:00011696       strlen                     0000000180012696 f   ucrt:api-ms-win-crt-string-l1-1-0.dll
 0001:0001169c       _initterm                  000000018001269c f   ucrt:api-ms-win-crt-runtime-l1-1-0.dll
 0001:000116a2       _initterm_e                00000001800126a2 f   ucrt:api-ms-win-crt-runtime-l1-1-0.dll
 0001:000116a8       _seh_filter_dll            00000001800126a8 f   ucrt:api-ms-win-crt-runtime-l1-1-0.dll
 0001:000116ae       _configure_narrow_argv     00000001800126ae f   ucrt:api-ms-win-crt-runtime-l1-1-0.dll
 0001:000116b4       _initialize_narrow_environment 00000001800126b4 f   ucrt:api-ms-win-crt-runtime-l1-1-0.dll
 0001:000116ba       _initialize_onexit_table   00000001800126ba f   ucrt:api-ms-win-crt-runtime-l1-1-0.dll
 0001:000116c0       _register_onexit_function  00000001800126c0 f   ucrt:api-ms-win-crt-runtime-l1-1-0.dll
 0001:000116c6       _execute_onexit_table      00000001800126c6 f   ucrt:api-ms-win-crt-runtime-l1-1-0.dll
 0001:000116cc       _crt_atexit                00000001800126cc f   ucrt:api-ms-win-crt-runtime-l1-1-0.dll
 0001:000116d2       _crt_at_quick_exit         00000001800126d2 f   ucrt:api-ms-win-crt-runtime-l1-1-0.dll
 0001:000116d8       _cexit                     00000001800126d8 f   ucrt:api-ms-win-crt-runtime-l1-1-0.dll
 0001:000116de       terminate                  00000001800126de f   ucrt:api-ms-win-crt-runtime-l1-1-0.dll
 0001:000116e4       __scrt_stub_for_acrt_initialize 00000001800126e4 f   MSVCRT:ucrt_stubs.obj
 0001:000116e4       __acrt_initialize          00000001800126e4 f   MSVCRT:ucrt_stubs.obj
 0001:000116e4       __vcrt_initialize          00000001800126e4 f   MSVCRT:ucrt_stubs.obj
 0001:000116e8       __acrt_thread_attach       00000001800126e8 f   MSVCRT:ucrt_stubs.obj
 0001:000116e8       __vcrt_thread_attach       00000001800126e8 f   MSVCRT:ucrt_stubs.obj
 0001:000116e8       __scrt_stub_for_acrt_thread_attach 00000001800126e8 f   MSVCRT:ucrt_stubs.obj
 0001:000116ec       __vcrt_thread_detach       00000001800126ec f   MSVCRT:ucrt_stubs.obj
 0001:000116ec       __scrt_stub_for_acrt_thread_detach 00000001800126ec f   MSVCRT:ucrt_stubs.obj
 0001:000116ec       __acrt_thread_detach       00000001800126ec f   MSVCRT:ucrt_stubs.obj
 0001:000116f0       __vcrt_uninitialize        00000001800126f0 f   MSVCRT:ucrt_stubs.obj
 0001:000116f0       __acrt_uninitialize        00000001800126f0 f   MSVCRT:ucrt_stubs.obj
 0001:000116f0       __scrt_stub_for_acrt_uninitialize 00000001800126f0 f   MSVCRT:ucrt_stubs.obj
 0001:000116f4       __acrt_uninitialize_critical 00000001800126f4 f   MSVCRT:ucrt_stubs.obj
 0001:000116f4       __vcrt_uninitialize_critical 00000001800126f4 f   MSVCRT:ucrt_stubs.obj
 0001:000116f4       __scrt_stub_for_acrt_uninitialize_critical 00000001800126f4 f   MSVCRT:ucrt_stubs.obj
 0001:000116f8       _is_c_termination_complete 00000001800126f8 f   MSVCRT:ucrt_stubs.obj
 0001:000116f8       __scrt_stub_for_is_c_termination_complete 00000001800126f8 f   MSVCRT:ucrt_stubs.obj
 0001:00011710       _guard_dispatch_icall_nop  0000000180012710 f   MSVCRT:_guard_dispatch_.obj
 0002:00000000       __imp_GetModuleHandleW     0000000180013000     kernel32:KERNEL32.dll
 0002:00000008       __imp_TerminateProcess     0000000180013008     kernel32:KERNEL32.dll
 0002:00000010       __imp_RtlCaptureContext    0000000180013010     kernel32:KERNEL32.dll
 0002:00000018       __imp_RtlLookupFunctionEntry 0000000180013018     kernel32:KERNEL32.dll
 0002:00000020       __imp_IsProcessorFeaturePresent 0000000180013020     kernel32:KERNEL32.dll
 0002:00000028       __imp_QueryPerformanceCounter 0000000180013028     kernel32:KERNEL32.dll
 0002:00000030       __imp_GetCurrentProcessId  0000000180013030     kernel32:KERNEL32.dll
 0002:00000038       __imp_GetCurrentThreadId   0000000180013038     kernel32:KERNEL32.dll
 0002:00000040       __imp_GetSystemTimeAsFileTime 0000000180013040     kernel32:KERNEL32.dll
 0002:00000048       __imp_DisableThreadLibraryCalls 0000000180013048     kernel32:KERNEL32.dll
 0002:00000050       __imp_InitializeSListHead  0000000180013050     kernel32:KERNEL32.dll
 0002:00000058       __imp_IsDebuggerPresent    0000000180013058     kernel32:KERNEL32.dll
 0002:00000060       __imp_GetStartupInfoW      0000000180013060     kernel32:KERNEL32.dll
 0002:00000068       __imp_SetUnhandledExceptionFilter 0000000180013068     kernel32:KERNEL32.dll
 0002:00000070       __imp_UnhandledExceptionFilter 0000000180013070     kernel32:KERNEL32.dll
 0002:00000078       __imp_RtlVirtualUnwind     0000000180013078     kernel32:KERNEL32.dll
 0002:00000080       __imp_GetCurrentProcess    0000000180013080     kernel32:KERNEL32.dll
 0002:00000088       \177KERNEL32_NULL_THUNK_DATA 0000000180013088     kernel32:KERNEL32.dll
 0002:00000090       __imp___std_type_info_destroy_list 0000000180013090     vcruntime:VCRUNTIME140.dll
 0002:00000098       __imp___C_specific_handler 0000000180013098     vcruntime:VCRUNTIME140.dll
 0002:000000a0       __imp_memcpy               00000001800130a0     vcruntime:VCRUNTIME140.dll
 0002:000000a8       __imp_memset               00000001800130a8     vcruntime:VCRUNTIME140.dll
 0002:000000b0       \177VCRUNTIME140_NULL_THUNK_DATA 00000001800130b0     vcruntime:VCRUNTIME140.dll
 0002:000000b8       __imp_malloc               00000001800130b8     ucrt:api-ms-win-crt-heap-l1-1-0.dll
 0002:000000c0       __imp_free                 00000001800130c0     ucrt:api-ms-win-crt-heap-l1-1-0.dll
 0002:000000c8       \177api-ms-win-crt-heap-l1-1-0_NULL_THUNK_DATA 00000001800130c8     ucrt:api-ms-win-crt-heap-l1-1-0.dll
 0002:000000d0       __imp__seh_filter_dll      00000001800130d0     ucrt:api-ms-win-crt-runtime-l1-1-0.dll
 0002:000000d8       __imp__initterm_e          00000001800130d8     ucrt:api-ms-win-crt-runtime-l1-1-0.dll
 0002:000000e0       __imp__configure_narrow_argv 00000001800130e0     ucrt:api-ms-win-crt-runtime-l1-1-0.dll
 0002:000000e8       __imp__initialize_narrow_environment 00000001800130e8     ucrt:api-ms-win-crt-runtime-l1-1-0.dll
 0002:000000f0       __imp__initialize_onexit_table 00000001800130f0     ucrt:api-ms-win-crt-runtime-l1-1-0.dll
 0002:000000f8       __imp__register_onexit_function 00000001800130f8     ucrt:api-ms-win-crt-runtime-l1-1-0.dll
 0002:00000100       __imp__execute_onexit_table 0000000180013100     ucrt:api-ms-win-crt-runtime-l1-1-0.dll
 0002:00000108       __imp__crt_atexit          0000000180013108     ucrt:api-ms-win-crt-runtime-l1-1-0.dll
 0002:00000110       __imp__crt_at_quick_exit   0000000180013110     ucrt:api-ms-win-crt-runtime-l1-1-0.dll
 0002:00000118       __imp__cexit               0000000180013118     ucrt:api-ms-win-crt-runtime-l1-1-0.dll
 0002:00000120       __imp_terminate            0000000180013120     ucrt:api-ms-win-crt-runtime-l1-1-0.dll
 0002:00000128       __imp__initterm            0000000180013128     ucrt:api-ms-win-crt-runtime-l1-1-0.dll
 0002:00000130       \177api-ms-win-crt-runtime-l1-1-0_NULL_THUNK_DATA 0000000180013130     ucrt:api-ms-win-crt-runtime-l1-1-0.dll
 0002:00000138       __imp___stdio_common_vsprintf 0000000180013138     ucrt:api-ms-win-crt-stdio-l1-1-0.dll
 0002:00000140       \177api-ms-win-crt-stdio-l1-1-0_NULL_THUNK_DATA 0000000180013140     ucrt:api-ms-win-crt-stdio-l1-1-0.dll
 0002:00000148       __imp_strlen               0000000180013148     ucrt:api-ms-win-crt-string-l1-1-0.dll
 0002:00000150       __imp_strcmp               0000000180013150     ucrt:api-ms-win-crt-string-l1-1-0.dll
 0002:00000158       \177api-ms-win-crt-string-l1-1-0_NULL_THUNK_DATA 0000000180013158     ucrt:api-ms-win-crt-string-l1-1-0.dll
 0002:00000160       __imp_mexErrMsgTxt         0000000180013160     libmex:libmex.dll
 0002:00000168       __imp_mexWarnMsgTxt        0000000180013168     libmex:libmex.dll
 0002:00000170       __imp_mexMakeArrayPersistent 0000000180013170     libmex:libmex.dll
 0002:00000178       __imp_mexIsLocked          0000000180013178     libmex:libmex.dll
 0002:00000180       __imp_mexUnlock            0000000180013180     libmex:libmex.dll
 0002:00000188       __imp_mexLock              0000000180013188     libmex:libmex.dll
 0002:00000190       __imp_mexCallMATLABWithObject 0000000180013190     libmex:libmex.dll
 0002:00000198       \177libmex_NULL_THUNK_DATA 0000000180013198     libmex:libmex.dll
 0002:000001a0       __imp_muDoubleScalarAbs    00000001800131a0     libmwmathutil:libmwmathutil.dll
 0002:000001a8       \177libmwmathutil_NULL_THUNK_DATA 00000001800131a8     libmwmathutil:libmwmathutil.dll
 0002:000001b0       __imp_mxGetN               00000001800131b0     libmx:libmx.dll
 0002:000001b8       __imp_mxIsComplex          00000001800131b8     libmx:libmx.dll
 0002:000001c0       __imp_mxIsNumeric          00000001800131c0     libmx:libmx.dll
 0002:000001c8       __imp_mxGetClassID         00000001800131c8     libmx:libmx.dll
 0002:000001d0       __imp_mxGetM               00000001800131d0     libmx:libmx.dll
 0002:000001d8       __imp_mxCalloc             00000001800131d8     libmx:libmx.dll
 0002:000001e0       __imp_mxCreateStructArray_730 00000001800131e0     libmx:libmx.dll
 0002:000001e8       __imp_mxCreateStructMatrix_730 00000001800131e8     libmx:libmx.dll
 0002:000001f0       __imp_mxCreateCellArray_730 00000001800131f0     libmx:libmx.dll
 0002:000001f8       __imp_mxCreateCellMatrix_730 00000001800131f8     libmx:libmx.dll
 0002:00000200       __imp_mxCreateString       0000000180013200     libmx:libmx.dll
 0002:00000208       __imp_mxCreateDoubleScalar 0000000180013208     libmx:libmx.dll
 0002:00000210       __imp_mxSetField_730       0000000180013210     libmx:libmx.dll
 0002:00000218       __imp_mxDuplicateArray     0000000180013218     libmx:libmx.dll
 0002:00000220       __imp_mxGetString_730      0000000180013220     libmx:libmx.dll
 0002:00000228       __imp_mxCreateDoubleMatrix_730 0000000180013228     libmx:libmx.dll
 0002:00000230       __imp_mxDestroyArray       0000000180013230     libmx:libmx.dll
 0002:00000238       __imp_mxGetScalar          0000000180013238     libmx:libmx.dll
 0002:00000240       __imp_mxGetPr              0000000180013240     libmx:libmx.dll
 0002:00000248       __imp_mxIsChar             0000000180013248     libmx:libmx.dll
 0002:00000250       \177libmx_NULL_THUNK_DATA  0000000180013250     libmx:libmx.dll
 0002:00000258       __imp_utMalloc             0000000180013258     libut:libut.dll
 0002:00000260       __imp_utFree               0000000180013260     libut:libut.dll
 0002:00000268       \177libut_NULL_THUNK_DATA  0000000180013268     libut:libut.dll
 0002:00000270       __imp_sf_clear_error_manager_info 0000000180013270     sf_runtime:sf_runtime.dll
 0002:00000278       __imp_sf_mex_error_direct_call 0000000180013278     sf_runtime:sf_runtime.dll
 0002:00000280       __imp_getRuntimeInstanceInfoAsVoid 0000000180013280     sf_runtime:sf_runtime.dll
 0002:00000288       __imp_call_sf_machine_global_method_dispatcher 0000000180013288     sf_runtime:sf_runtime.dll
 0002:00000290       __imp_callMdlMethodAndReportError 0000000180013290     sf_runtime:sf_runtime.dll
 0002:00000298       __imp_sf_get_hasSeparateUpdateOutputs 0000000180013298     sf_runtime:sf_runtime.dll
 0002:000002a0       __imp_sf_get_ChartInfoStruct_CodeGen 00000001800132a0     sf_runtime:sf_runtime.dll
 0002:000002a8       __imp_sf_debug_cv_init_state 00000001800132a8     sf_runtime:sf_runtime.dll
 0002:000002b0       __imp_sf_debug_cv_init_chart 00000001800132b0     sf_runtime:sf_runtime.dll
 0002:000002b8       __imp_sf_debug_cv_init_trans 00000001800132b8     sf_runtime:sf_runtime.dll
 0002:000002c0       __imp_sf_debug_data_range_wrapper 00000001800132c0     sf_runtime:sf_runtime.dll
 0002:000002c8       __imp_sf_debug_create_debug_instance_struct 00000001800132c8     sf_runtime:sf_runtime.dll
 0002:000002d0       __imp_sf_debug_set_chart_decomposition 00000001800132d0     sf_runtime:sf_runtime.dll
 0002:000002d8       __imp_sf_debug_set_chart_state_info 00000001800132d8     sf_runtime:sf_runtime.dll
 0002:000002e0       __imp_sf_debug_set_chart_event_thresholds 00000001800132e0     sf_runtime:sf_runtime.dll
 0002:000002e8       __imp_sf_debug_set_chart_disable_implicit_casting 00000001800132e8     sf_runtime:sf_runtime.dll
 0002:000002f0       __imp_sf_debug_terminate   00000001800132f0     sf_runtime:sf_runtime.dll
 0002:000002f8       __imp_sf_debug_set_instance_data_value_ptr 00000001800132f8     sf_runtime:sf_runtime.dll
 0002:00000300       __imp_sf_debug_symbol_scope_add_eml_importable 0000000180013300     sf_runtime:sf_runtime.dll
 0002:00000308       __imp_sf_debug_symbol_scope_add_eml 0000000180013308     sf_runtime:sf_runtime.dll
 0002:00000310       __imp_sf_debug_symbol_scope_pop 0000000180013310     sf_runtime:sf_runtime.dll
 0002:00000318       __imp_sf_debug_symbol_scope_push_eml 0000000180013318     sf_runtime:sf_runtime.dll
 0002:00000320       __imp_sf_debug_symbol_scope_push 0000000180013320     sf_runtime:sf_runtime.dll
 0002:00000328       __imp_sf_debug_set_chart_data_compiled_props 0000000180013328     sf_runtime:sf_runtime.dll
 0002:00000330       __imp_sf_debug_set_chart_data_props 0000000180013330     sf_runtime:sf_runtime.dll
 0002:00000338       __imp_sf_debug_api         0000000180013338     sf_runtime:sf_runtime.dll
 0002:00000340       __imp_sf_debug_set_chart_substate_count 0000000180013340     sf_runtime:sf_runtime.dll
 0002:00000348       __imp_cv_eml_eval          0000000180013348     sf_runtime:sf_runtime.dll
 0002:00000350       __imp_sf_debug_check_for_state_inconsistency 0000000180013350     sf_runtime:sf_runtime.dll
 0002:00000358       __imp_sf_debug_reset_current_state_configuration 0000000180013358     sf_runtime:sf_runtime.dll
 0002:00000360       __imp_cv_eml_init_relational 0000000180013360     sf_runtime:sf_runtime.dll
 0002:00000368       __imp_cv_eml_init_if       0000000180013368     sf_runtime:sf_runtime.dll
 0002:00000370       __imp_cv_eml_init_fcn      0000000180013370     sf_runtime:sf_runtime.dll
 0002:00000378       __imp_cv_eml_init_script   0000000180013378     sf_runtime:sf_runtime.dll
 0002:00000380       __imp_cv_eval_relational   0000000180013380     sf_runtime:sf_runtime.dll
 0002:00000388       __imp_sf_load_rtw_optimization_info 0000000180013388     sf_runtime:sf_runtime.dll
 0002:00000390       __imp_eml_debug_line_call  0000000180013390     sf_runtime:sf_runtime.dll
 0002:00000398       __imp_sf_debug_call        0000000180013398     sf_runtime:sf_runtime.dll
 0002:000003a0       __imp_sf_debug_initialize_chart 00000001800133a0     sf_runtime:sf_runtime.dll
 0002:000003a8       __imp_ssGetOutputPortSignal_wrapper 00000001800133a8     sf_runtime:sf_runtime.dll
 0002:000003b0       __imp_ssGetInputPortSignal_wrapper 00000001800133b0     sf_runtime:sf_runtime.dll
 0002:000003b8       __imp_sf_mex_decode_encoded_mx_struct_array 00000001800133b8     sf_runtime:sf_runtime.dll
 0002:000003c0       __imp_sf_mex_import        00000001800133c0     sf_runtime:sf_runtime.dll
 0002:000003c8       __imp_sf_mex_destroy       00000001800133c8     sf_runtime:sf_runtime.dll
 0002:000003d0       __imp_sf_mex_dup           00000001800133d0     sf_runtime:sf_runtime.dll
 0002:000003d8       __imp_sf_mex_assign        00000001800133d8     sf_runtime:sf_runtime.dll
 0002:000003e0       __imp_sf_mex_getcell       00000001800133e0     sf_runtime:sf_runtime.dll
 0002:000003e8       __imp_sf_mex_setcell       00000001800133e8     sf_runtime:sf_runtime.dll
 0002:000003f0       __imp_sf_mex_createcellmatrix 00000001800133f0     sf_runtime:sf_runtime.dll
 0002:000003f8       __imp_sf_mex_create        00000001800133f8     sf_runtime:sf_runtime.dll
 0002:00000400       __imp_sf_mex_error_message 0000000180013400     sf_runtime:sf_runtime.dll
 0002:00000408       __imp_ssSetBlockIsPurelyCombinatorial_wrapper 0000000180013408     sf_runtime:sf_runtime.dll
 0002:00000410       __imp_sf_register_codegen_names_for_scoped_functions_defined_by_chart 0000000180013410     sf_runtime:sf_runtime.dll
 0002:00000418       __imp_sf_set_chart_accesses_machine_info 0000000180013418     sf_runtime:sf_runtime.dll
 0002:00000420       __imp_sf_is_first_init_cond 0000000180013420     sf_runtime:sf_runtime.dll
 0002:00000428       __imp_sf_get_time          0000000180013428     sf_runtime:sf_runtime.dll
 0002:00000430       __imp_sf_set_rtw_dwork_info 0000000180013430     sf_runtime:sf_runtime.dll
 0002:00000438       __imp_sf_clear_rtw_identifier 0000000180013438     sf_runtime:sf_runtime.dll
 0002:00000440       __imp_sim_mode_is_modelref_sim 0000000180013440     sf_runtime:sf_runtime.dll
 0002:00000448       __imp_sim_mode_is_external 0000000180013448     sf_runtime:sf_runtime.dll
 0002:00000450       __imp_sim_mode_is_rtw_gen  0000000180013450     sf_runtime:sf_runtime.dll
 0002:00000458       __imp_sf_mark_chart_expressionable_inputs 0000000180013458     sf_runtime:sf_runtime.dll
 0002:00000460       __imp_sf_mark_chart_reusable_outputs 0000000180013460     sf_runtime:sf_runtime.dll
 0002:00000468       __imp_sf_is_chart_inlinable 0000000180013468     sf_runtime:sf_runtime.dll
 0002:00000470       __imp_sf_update_buildInfo  0000000180013470     sf_runtime:sf_runtime.dll
 0002:00000478       __imp_sf_rtw_info_uint_prop 0000000180013478     sf_runtime:sf_runtime.dll
 0002:00000480       __imp_sf_get_chart_instance_ptr 0000000180013480     sf_runtime:sf_runtime.dll
 0002:00000488       __imp_sfrtGetEmlrtCtx      0000000180013488     sf_runtime:sf_runtime.dll
 0002:00000490       __imp_sf_free_ChartRunTimeInfo 0000000180013490     sf_runtime:sf_runtime.dll
 0002:00000498       __imp_sf_init_ChartRunTimeInfo 0000000180013498     sf_runtime:sf_runtime.dll
 0002:000004a0       __imp_sf_debug_set_machine_data_thresholds 00000001800134a0     sf_runtime:sf_runtime.dll
 0002:000004a8       __imp_sf_debug_set_machine_event_thresholds 00000001800134a8     sf_runtime:sf_runtime.dll
 0002:000004b0       __imp_sf_debug_initialize_machine 00000001800134b0     sf_runtime:sf_runtime.dll
 0002:000004b8       \177sf_runtime_NULL_THUNK_DATA 00000001800134b8     sf_runtime:sf_runtime.dll
 0002:000004c0       __guard_check_icall_fptr   00000001800134c0     MSVCRT:guard_support.obj
 0002:000004c8       __guard_dispatch_icall_fptr 00000001800134c8     MSVCRT:guard_support.obj
 0002:000004d0       __xc_a                     00000001800134d0     MSVCRT:initializers.obj
 0002:000004d8       __xc_z                     00000001800134d8     MSVCRT:initializers.obj
 0002:000004e0       __xi_a                     00000001800134e0     MSVCRT:initializers.obj
 0002:000004e8       __xi_z                     00000001800134e8     MSVCRT:initializers.obj
 0002:000004f0       __xp_a                     00000001800134f0     MSVCRT:initializers.obj
 0002:000004f8       __xp_z                     00000001800134f8     MSVCRT:initializers.obj
 0002:00000500       __xt_a                     0000000180013500     MSVCRT:initializers.obj
 0002:00000508       __xt_z                     0000000180013508     MSVCRT:initializers.obj
 0002:00000510       __real@41b85b7a96000000    0000000180013510     PID_control_sfun.obj
 0002:00000518       __real@41bcb3ffa6000000    0000000180013518     PID_control_sfun.obj
 0002:00000520       __real@41c176f0d8000000    0000000180013520     PID_control_sfun.obj
 0002:00000528       __real@41ced3bf04000000    0000000180013528     PID_control_sfun.obj
 0002:00000530       __real@41d03c881e400000    0000000180013530     PID_control_sfun.obj
 0002:00000538       __real@41e1709e4b400000    0000000180013538     PID_control_sfun.obj
 0002:00000540       __real@41e45e5f8cc00000    0000000180013540     PID_control_sfun.obj
 0002:00000548       __real@41e6d74aae200000    0000000180013548     PID_control_sfun.obj
 0002:00000550       __real@41ed4b84e9000000    0000000180013550     PID_control_sfun.obj
 0002:00000558       __real@41ed9c3f15a00000    0000000180013558     PID_control_sfun.obj
 0002:00000560       __real@41eebfc971000000    0000000180013560     PID_control_sfun.obj
 0002:00000568       __real@41ef0fa175e00000    0000000180013568     PID_control_sfun.obj
 0002:00000570       __real@3fd3333333333333    0000000180013570     c2_PID_control.obj
 0002:00000578       __real@3ff0000000000000    0000000180013578     c2_PID_control.obj
 0002:00000580       __real@3ff9a64c2f837b4a    0000000180013580     c2_PID_control.obj
 0002:00000588       __real@3ffb467381d7dbf5    0000000180013588     c2_PID_control.obj
 0002:00000590       __real@4014000000000000    0000000180013590     c2_PID_control.obj
 0002:00000598       __real@4018000000000000    0000000180013598     c2_PID_control.obj
 0002:000005a0       __real@4024000000000000    00000001800135a0     c2_PID_control.obj
 0002:000005a8       __real@4029ab020c49ba5e    00000001800135a8     c2_PID_control.obj
 0002:000005b0       __real@4031545a1cac0831    00000001800135b0     c2_PID_control.obj
 0002:000005b8       __real@4035efe5c91d14e4    00000001800135b8     c2_PID_control.obj
 0002:000005c0       __real@4038800000000000    00000001800135c0     c2_PID_control.obj
 0002:000005c8       __real@4042aac083126e98    00000001800135c8     c2_PID_control.obj
 0002:000005d0       __real@4044ea2d0e560418    00000001800135d0     c2_PID_control.obj
 0002:000005d8       __real@404737f2e48e8a72    00000001800135d8     c2_PID_control.obj
 0002:000005e0       __real@41a30b0dd4000000    00000001800135e0     c2_PID_control.obj
 0002:000005e8       __real@41c167d2d0800000    00000001800135e8     c2_PID_control.obj
 0002:000005f0       __real@41d804d879000000    00000001800135f0     c2_PID_control.obj
 0002:000005f8       __real@41d86f9cef400000    00000001800135f8     c2_PID_control.obj
 0002:00000600       __xmm@80000000000000008000000000000000 0000000180013600     c2_PID_control.obj
 0002:00000610       DYNAMIC_DIMENSION_DEF      0000000180013610     PID_control_sfun_registry.obj
 0002:00000628       __real@0000000000000000    0000000180013628     PID_control_sfun_registry.obj
 0002:00000630       __real@4010000000000000    0000000180013630     PID_control_sfun_registry.obj
 0002:00000638       __real@41602cbca0000000    0000000180013638     PID_control_sfun_registry.obj
 0002:00000640       __real@bff0000000000000    0000000180013640     PID_control_sfun_registry.obj
 0002:00000658       _pDefaultRawDllMain        0000000180013658     MSVCRT:dll_dllmain.obj
 0002:00000658       _pRawDllMain               0000000180013658     MSVCRT:dll_dllmain.obj
 0002:00000680       _load_config_used          0000000180013680     MSVCRT:loadcfg.obj
 0002:00000998       __rtc_iaa                  0000000180013998     MSVCRT:_initsect_.obj
 0002:000009a0       __rtc_izz                  00000001800139a0     MSVCRT:_initsect_.obj
 0002:000009a8       __rtc_taa                  00000001800139a8     MSVCRT:_initsect_.obj
 0002:000009b0       __rtc_tzz                  00000001800139b0     MSVCRT:_initsect_.obj
 0002:000012bc       __IMPORT_DESCRIPTOR_sf_runtime 00000001800142bc     sf_runtime:sf_runtime.dll
 0002:000012d0       __IMPORT_DESCRIPTOR_libmx  00000001800142d0     libmx:libmx.dll
 0002:000012e4       __IMPORT_DESCRIPTOR_libmex 00000001800142e4     libmex:libmex.dll
 0002:000012f8       __IMPORT_DESCRIPTOR_libut  00000001800142f8     libut:libut.dll
 0002:0000130c       __IMPORT_DESCRIPTOR_libmwmathutil 000000018001430c     libmwmathutil:libmwmathutil.dll
 0002:00001320       __IMPORT_DESCRIPTOR_KERNEL32 0000000180014320     kernel32:KERNEL32.dll
 0002:00001334       __IMPORT_DESCRIPTOR_VCRUNTIME140 0000000180014334     vcruntime:VCRUNTIME140.dll
 0002:00001348       __IMPORT_DESCRIPTOR_api-ms-win-crt-string-l1-1-0 0000000180014348     ucrt:api-ms-win-crt-string-l1-1-0.dll
 0002:0000135c       __IMPORT_DESCRIPTOR_api-ms-win-crt-stdio-l1-1-0 000000018001435c     ucrt:api-ms-win-crt-stdio-l1-1-0.dll
 0002:00001370       __IMPORT_DESCRIPTOR_api-ms-win-crt-heap-l1-1-0 0000000180014370     ucrt:api-ms-win-crt-heap-l1-1-0.dll
 0002:00001384       __IMPORT_DESCRIPTOR_api-ms-win-crt-runtime-l1-1-0 0000000180014384     ucrt:api-ms-win-crt-runtime-l1-1-0.dll
 0002:00001398       __NULL_IMPORT_DESCRIPTOR   0000000180014398     sf_runtime:sf_runtime.dll
 0003:00000ce0       DYNAMIC_DIMENSION          0000000180016ce0     PID_control_sfun_registry.obj
 0003:00002db0       __security_cookie_complement 0000000180018db0     MSVCRT:gs_cookie.obj
 0003:00002db8       __security_cookie          0000000180018db8     MSVCRT:gs_cookie.obj
 0003:00002dc0       _fltused                   0000000180018dc0     MSVCRT:fltused.obj
 0003:00002dc4       __scrt_native_dllmain_reason 0000000180018dc4     MSVCRT:utility.obj
 0003:00002dc8       __isa_available            0000000180018dc8     MSVCRT:_cpu_disp_.obj
 0003:00002dcc       __isa_enabled              0000000180018dcc     MSVCRT:_cpu_disp_.obj
 0003:00002dd0       __memcpy_nt_iters          0000000180018dd0     MSVCRT:_cpu_disp_.obj
 0003:00002de0       __scrt_ucrt_dll_is_in_use  0000000180018de0     MSVCRT:ucrt_stubs.obj
 0003:00002e10       sfGlobalDebugInstanceStruct 0000000180018e10     PID_control_sfun_registry.obj
 0003:000043a0       ?__type_info_root_node@@3U__type_info_node@@A 000000018001a3a0     MSVCRT:tncleanup.obj
 0003:000043b0       ?_OptionsStorage@?1??__local_stdio_printf_options@@9@4_KA 000000018001a3b0     MSVCRT:default_local_stdio_options.obj
 0003:000043b8       ?_OptionsStorage@?1??__local_stdio_scanf_options@@9@4_KA 000000018001a3b8     MSVCRT:default_local_stdio_options.obj
 0003:000043c0       __scrt_current_native_startup_state 000000018001a3c0     MSVCRT:utility.obj
 0003:000043c8       __scrt_native_startup_lock 000000018001a3c8     MSVCRT:utility.obj
 0003:00004408       __scrt_debugger_hook_flag  000000018001a408     MSVCRT:utility_desktop.obj
 0003:0000440c       __favor                    000000018001a40c     MSVCRT:_cpu_disp_.obj
 0003:00004410       ?_OptionsStorage@?1??__local_stdio_printf_options@@9@9 000000018001a410     <common>
 0003:00004418       _PID_controlMachineNumber_ 000000018001a418     <common>
 0003:00004420       __dyn_tls_init_callback    000000018001a420     <common>

 entry point at        0001:00010a88

 Static symbols

 0000:00000000       .debug$S                   0000000180000000     sf_runtime:sf_runtime.dll
 0000:00000000       .debug$S                   0000000180000000     sf_runtime:sf_runtime.dll
 0000:00000000       .debug$S                   0000000180000000     sf_runtime:sf_runtime.dll
 0000:00000000       .debug$S                   0000000180000000     sf_runtime:sf_runtime.dll
 0000:00000000       .debug$S                   0000000180000000     sf_runtime:sf_runtime.dll
 0000:00000000       .debug$S                   0000000180000000     sf_runtime:sf_runtime.dll
 0000:00000000       .debug$S                   0000000180000000     PID_control_sfun.exp
 0000:00000000       .debug$S                   0000000180000000     sf_runtime:sf_runtime.dll
 0000:00000000       .debug$S                   0000000180000000     sf_runtime:sf_runtime.dll
 0000:00000000       .debug$S                   0000000180000000     sf_runtime:sf_runtime.dll
 0000:00000000       .debug$S                   0000000180000000     sf_runtime:sf_runtime.dll
 0000:00000000       .debug$S                   0000000180000000     sf_runtime:sf_runtime.dll
 0000:00000000       .debug$S                   0000000180000000     ucrt:api-ms-win-crt-runtime-l1-1-0.dll
 0000:00000000       .debug$S                   0000000180000000     ucrt:api-ms-win-crt-runtime-l1-1-0.dll
 0000:00000000       .debug$S                   0000000180000000     ucrt:api-ms-win-crt-runtime-l1-1-0.dll
 0000:00000000       .debug$S                   0000000180000000     ucrt:api-ms-win-crt-runtime-l1-1-0.dll
 0000:00000000       .debug$S                   0000000180000000     ucrt:api-ms-win-crt-runtime-l1-1-0.dll
 0000:00000000       .debug$S                   0000000180000000     ucrt:api-ms-win-crt-runtime-l1-1-0.dll
 0000:00000000       .debug$S                   0000000180000000     ucrt:api-ms-win-crt-runtime-l1-1-0.dll
 0000:00000000       .debug$S                   0000000180000000     ucrt:api-ms-win-crt-runtime-l1-1-0.dll
 0000:00000000       .debug$S                   0000000180000000     ucrt:api-ms-win-crt-runtime-l1-1-0.dll
 0000:00000000       .debug$S                   0000000180000000     ucrt:api-ms-win-crt-runtime-l1-1-0.dll
 0000:00000000       .debug$S                   0000000180000000     ucrt:api-ms-win-crt-runtime-l1-1-0.dll
 0000:00000000       .debug$S                   0000000180000000     ucrt:api-ms-win-crt-runtime-l1-1-0.dll
 0000:00000000       .debug$S                   0000000180000000     ucrt:api-ms-win-crt-string-l1-1-0.dll
 0000:00000000       .debug$S                   0000000180000000     ucrt:api-ms-win-crt-heap-l1-1-0.dll
 0000:00000000       .debug$S                   0000000180000000     ucrt:api-ms-win-crt-heap-l1-1-0.dll
 0000:00000000       .debug$S                   0000000180000000     ucrt:api-ms-win-crt-stdio-l1-1-0.dll
 0000:00000000       .debug$S                   0000000180000000     ucrt:api-ms-win-crt-string-l1-1-0.dll
 0000:00000000       .debug$S                   0000000180000000     sf_runtime:sf_runtime.dll
 0000:00000000       .debug$S                   0000000180000000     vcruntime:VCRUNTIME140.dll
 0000:00000000       .debug$S                   0000000180000000     vcruntime:VCRUNTIME140.dll
 0000:00000000       .debug$S                   0000000180000000     vcruntime:VCRUNTIME140.dll
 0000:00000000       .debug$S                   0000000180000000     vcruntime:VCRUNTIME140.dll
 0000:00000000       .debug$S                   0000000180000000     sf_runtime:sf_runtime.dll
 0000:00000000       .debug$S                   0000000180000000     kernel32:KERNEL32.dll
 0000:00000000       .debug$S                   0000000180000000     kernel32:KERNEL32.dll
 0000:00000000       .debug$S                   0000000180000000     kernel32:KERNEL32.dll
 0000:00000000       .debug$S                   0000000180000000     kernel32:KERNEL32.dll
 0000:00000000       .debug$S                   0000000180000000     kernel32:KERNEL32.dll
 0000:00000000       .debug$S                   0000000180000000     kernel32:KERNEL32.dll
 0000:00000000       .debug$S                   0000000180000000     kernel32:KERNEL32.dll
 0000:00000000       .debug$S                   0000000180000000     kernel32:KERNEL32.dll
 0000:00000000       .debug$S                   0000000180000000     kernel32:KERNEL32.dll
 0000:00000000       .debug$S                   0000000180000000     kernel32:KERNEL32.dll
 0000:00000000       .debug$S                   0000000180000000     kernel32:KERNEL32.dll
 0000:00000000       .debug$S                   0000000180000000     kernel32:KERNEL32.dll
 0000:00000000       .debug$S                   0000000180000000     kernel32:KERNEL32.dll
 0000:00000000       .debug$S                   0000000180000000     kernel32:KERNEL32.dll
 0000:00000000       .debug$S                   0000000180000000     kernel32:KERNEL32.dll
 0000:00000000       .debug$S                   0000000180000000     kernel32:KERNEL32.dll
 0000:00000000       .debug$S                   0000000180000000     kernel32:KERNEL32.dll
 0000:00000000       .debug$S                   0000000180000000     sf_runtime:sf_runtime.dll
 0000:00000000       .debug$S                   0000000180000000     sf_runtime:sf_runtime.dll
 0000:00000000       .debug$S                   0000000180000000     sf_runtime:sf_runtime.dll
 0000:00000000       .debug$S                   0000000180000000     sf_runtime:sf_runtime.dll
 0002:fffed000       __guard_fids__guard_icall_checks_enforced 0000000180000000     MSVCRT:guard_support.obj
 0002:fffed000       __guard_fids__             0000000180000000     MSVCRT:guard_support.obj
 0000:00000000       .debug$S                   0000000180000000     sf_runtime:sf_runtime.dll
 0000:00000000       .debug$S                   0000000180000000     sf_runtime:sf_runtime.dll
 0000:00000000       .debug$S                   0000000180000000     sf_runtime:sf_runtime.dll
 0000:00000000       .debug$S                   0000000180000000     sf_runtime:sf_runtime.dll
 0000:00000000       .debug$S                   0000000180000000     sf_runtime:sf_runtime.dll
 0000:00000000       .debug$S                   0000000180000000     sf_runtime:sf_runtime.dll
 0000:00000000       .debug$S                   0000000180000000     sf_runtime:sf_runtime.dll
 0000:00000000       .debug$S                   0000000180000000     sf_runtime:sf_runtime.dll
 0002:fffed000       __guard_fids___scrt_set_unhandled_exception_filter 0000000180000000     MSVCRT:utility_desktop.obj
 0000:00000000       .debug$S                   0000000180000000     sf_runtime:sf_runtime.dll
 0000:00000000       .debug$S                   0000000180000000     sf_runtime:sf_runtime.dll
 0000:00000000       .debug$S                   0000000180000000     sf_runtime:sf_runtime.dll
 0000:00000000       .debug$S                   0000000180000000     sf_runtime:sf_runtime.dll
 0000:00000000       .debug$S                   0000000180000000     sf_runtime:sf_runtime.dll
 0000:00000000       .debug$S                   0000000180000000     sf_runtime:sf_runtime.dll
 0000:00000000       .debug$S                   0000000180000000     sf_runtime:sf_runtime.dll
 0000:00000000       .debug$S                   0000000180000000     libmx:libmx.dll
 0000:00000000       .debug$S                   0000000180000000     libmx:libmx.dll
 0000:00000000       .debug$S                   0000000180000000     libmx:libmx.dll
 0000:00000000       .debug$S                   0000000180000000     libmx:libmx.dll
 0000:00000000       .debug$S                   0000000180000000     libmx:libmx.dll
 0000:00000000       .debug$S                   0000000180000000     libmx:libmx.dll
 0000:00000000       .debug$S                   0000000180000000     libmx:libmx.dll
 0000:00000000       .debug$S                   0000000180000000     libmx:libmx.dll
 0000:00000000       .debug$S                   0000000180000000     libmx:libmx.dll
 0000:00000000       .debug$S                   0000000180000000     libmx:libmx.dll
 0000:00000000       .debug$S                   0000000180000000     libmx:libmx.dll
 0000:00000000       .debug$S                   0000000180000000     libmx:libmx.dll
 0000:00000000       .debug$S                   0000000180000000     libmx:libmx.dll
 0000:00000000       .debug$S                   0000000180000000     libmx:libmx.dll
 0000:00000000       .debug$S                   0000000180000000     libmx:libmx.dll
 0000:00000000       .debug$S                   0000000180000000     libmx:libmx.dll
 0000:00000000       .debug$S                   0000000180000000     libmx:libmx.dll
 0000:00000000       .debug$S                   0000000180000000     libmx:libmx.dll
 0000:00000000       .debug$S                   0000000180000000     libmx:libmx.dll
 0000:00000000       .debug$S                   0000000180000000     libmx:libmx.dll
 0000:00000000       .debug$S                   0000000180000000     sf_runtime:sf_runtime.dll
 0000:00000000       .debug$S                   0000000180000000     libmex:libmex.dll
 0000:00000000       .debug$S                   0000000180000000     libmex:libmex.dll
 0000:00000000       .debug$S                   0000000180000000     libmex:libmex.dll
 0000:00000000       .debug$S                   0000000180000000     libmex:libmex.dll
 0000:00000000       .debug$S                   0000000180000000     libmex:libmex.dll
 0000:00000000       .debug$S                   0000000180000000     libmex:libmex.dll
 0000:00000000       .debug$S                   0000000180000000     libmex:libmex.dll
 0000:00000000       .debug$S                   0000000180000000     sf_runtime:sf_runtime.dll
 0000:00000000       .debug$S                   0000000180000000     libut:libut.dll
 0000:00000000       .debug$S                   0000000180000000     libut:libut.dll
 0000:00000000       .debug$S                   0000000180000000     sf_runtime:sf_runtime.dll
 0000:00000000       .debug$S                   0000000180000000     libmwmathutil:libmwmathutil.dll
 0000:00000000       .debug$S                   0000000180000000     sf_runtime:sf_runtime.dll
 0000:00000000       .debug$S                   0000000180000000     sf_runtime:sf_runtime.dll
 0000:00000000       .debug$S                   0000000180000000     sf_runtime:sf_runtime.dll
 0000:00000000       .debug$S                   0000000180000000     sf_runtime:sf_runtime.dll
 0000:00000000       .debug$S                   0000000180000000     sf_runtime:sf_runtime.dll
 0000:00000000       .debug$S                   0000000180000000     sf_runtime:sf_runtime.dll
 0000:00000000       .debug$S                   0000000180000000     sf_runtime:sf_runtime.dll
 0000:00000000       .debug$S                   0000000180000000     sf_runtime:sf_runtime.dll
 0000:00000000       .debug$S                   0000000180000000     sf_runtime:sf_runtime.dll
 0000:00000000       .debug$S                   0000000180000000     sf_runtime:sf_runtime.dll
 0000:00000000       .debug$S                   0000000180000000     sf_runtime:sf_runtime.dll
 0000:00000000       .debug$S                   0000000180000000     sf_runtime:sf_runtime.dll
 0000:00000000       .debug$S                   0000000180000000     sf_runtime:sf_runtime.dll
 0000:00000000       .debug$S                   0000000180000000     sf_runtime:sf_runtime.dll
 0000:00000000       .debug$S                   0000000180000000     sf_runtime:sf_runtime.dll
 0000:00000000       .debug$S                   0000000180000000     sf_runtime:sf_runtime.dll
 0000:00000000       .debug$S                   0000000180000000     sf_runtime:sf_runtime.dll
 0000:00000000       .debug$S                   0000000180000000     sf_runtime:sf_runtime.dll
 0000:00000000       .debug$S                   0000000180000000     sf_runtime:sf_runtime.dll
 0000:00000000       .debug$S                   0000000180000000     sf_runtime:sf_runtime.dll
 0000:00000000       .debug$S                   0000000180000000     sf_runtime:sf_runtime.dll
 0002:fffed000       __guard_fids_?dllmain_dispatch@@YAHQEAUHINSTANCE__@@KQEAX@Z 0000000180000000     MSVCRT:dll_dllmain.obj
 0000:00000000       .debug$S                   0000000180000000     sf_runtime:sf_runtime.dll
 0000:00000000       .debug$S                   0000000180000000     sf_runtime:sf_runtime.dll
 0000:00000000       .debug$S                   0000000180000000     sf_runtime:sf_runtime.dll
 0000:00000000       .debug$S                   0000000180000000     sf_runtime:sf_runtime.dll
 0000:00000000       .debug$S                   0000000180000000     sf_runtime:sf_runtime.dll
 0000:00000000       .debug$S                   0000000180000000     sf_runtime:sf_runtime.dll
 0000:00000000       .debug$S                   0000000180000000     sf_runtime:sf_runtime.dll
 0000:00000000       .debug$S                   0000000180000000     sf_runtime:sf_runtime.dll
 0000:00000000       .debug$S                   0000000180000000     sf_runtime:sf_runtime.dll
 0000:00000000       .debug$S                   0000000180000000     sf_runtime:sf_runtime.dll
 0000:00000000       .debug$S                   0000000180000000     sf_runtime:sf_runtime.dll
 0000:00000000       .debug$S                   0000000180000000     sf_runtime:sf_runtime.dll
 0000:00000000       .debug$S                   0000000180000000     sf_runtime:sf_runtime.dll
 0000:00000000       .debug$S                   0000000180000000     sf_runtime:sf_runtime.dll
 0000:00000000       .debug$S                   0000000180000000     sf_runtime:sf_runtime.dll
 0000:00000000       .debug$S                   0000000180000000     sf_runtime:sf_runtime.dll
 0000:00000000       .debug$S                   0000000180000000     sf_runtime:sf_runtime.dll
 0001:000011c0       chart_debug_initialization 00000001800021c0 f   c2_PID_control.obj
 0001:00002190       chart_debug_initialize_data_addresses 0000000180003190 f   c2_PID_control.obj
 0001:00002530       initialize_c2_PID_control  0000000180003530 f   c2_PID_control.obj
 0001:000025a0       initialize_params_c2_PID_control 00000001800035a0 f   c2_PID_control.obj
 0001:000025b0       enable_c2_PID_control      00000001800035b0 f   c2_PID_control.obj
 0001:000025e0       disable_c2_PID_control     00000001800035e0 f   c2_PID_control.obj
 0001:00002610       c2_update_debugger_state_c2_PID_control 0000000180003610 f   c2_PID_control.obj
 0001:00002620       get_sim_state_c2_PID_control 0000000180003620 f   c2_PID_control.obj
 0001:000029c0       set_sim_state_c2_PID_control 00000001800039c0 f   c2_PID_control.obj
 0001:00002b70       finalize_c2_PID_control    0000000180003b70 f   c2_PID_control.obj
 0001:00002b80       sf_gateway_c2_PID_control  0000000180003b80 f   c2_PID_control.obj
 0001:00004640       mdl_start_c2_PID_control   0000000180005640 f   c2_PID_control.obj
 0001:00004670       initSimStructsc2_PID_control 0000000180005670 f   c2_PID_control.obj
 0001:00004680       init_script_number_translation 0000000180005680 f   c2_PID_control.obj
 0001:000046a0       c2_sf_marshallOut          00000001800056a0 f   c2_PID_control.obj
 0001:00004750       c2_emlrt_marshallIn        0000000180005750 f   c2_PID_control.obj
 0001:000047c0       c2_b_emlrt_marshallIn      00000001800057c0 f   c2_PID_control.obj
 0001:00004850       c2_sf_marshallIn           0000000180005850 f   c2_PID_control.obj
 0001:000048f0       c2_b_sf_marshallOut        00000001800058f0 f   c2_PID_control.obj
 0001:00004a00       c2_d_emlrt_marshallIn      0000000180005a00 f   c2_PID_control.obj
 0001:00004a70       c2_e_emlrt_marshallIn      0000000180005a70 f   c2_PID_control.obj
 0001:00004b00       init_dsm_address_info      0000000180005b00 f   c2_PID_control.obj
 0001:00004b10       init_simulink_io_address   0000000180005b10 f   c2_PID_control.obj
 0001:00005f10       sf_get_sim_state_info_c2_PID_control 0000000180006f10 f   c2_PID_control.obj
 0001:00005fe0       sf_get_instance_specialization 0000000180006fe0 f   c2_PID_control.obj
 0001:00005ff0       sf_opaque_initialize_c2_PID_control 0000000180006ff0 f   c2_PID_control.obj
 0001:00006030       sf_opaque_enable_c2_PID_control 0000000180007030 f   c2_PID_control.obj
 0001:00006050       sf_opaque_disable_c2_PID_control 0000000180007050 f   c2_PID_control.obj
 0001:00006070       sf_opaque_gateway_c2_PID_control 0000000180007070 f   c2_PID_control.obj
 0001:00006090       sf_opaque_get_sim_state_c2_PID_control 0000000180007090 f   c2_PID_control.obj
 0001:000060c0       sf_opaque_set_sim_state_c2_PID_control 00000001800070c0 f   c2_PID_control.obj
 0001:000060f0       sf_opaque_terminate_c2_PID_control 00000001800070f0 f   c2_PID_control.obj
 0001:00006190       mdlProcessParameters_c2_PID_control 0000000180007190 f   c2_PID_control.obj
 0001:00006250       mdlSetWorkWidths_c2_PID_control 0000000180007250 f   c2_PID_control.obj
 0001:00006a90       mdlRTW_c2_PID_control      0000000180007a90 f   c2_PID_control.obj
 0001:00006ad0       mdlStart_c2_PID_control    0000000180007ad0 f   c2_PID_control.obj
 0001:0000920c       $LN180                     000000018000a20c     PID_control_sfun_registry.obj
 0001:0000b3d4       $LN17                      000000018000c3d4     PID_control_sfun_registry.obj
 0001:0000b95c       $LN26                      000000018000c95c     PID_control_sfun_registry.obj
 0001:0000c044       $LN23                      000000018000d044     PID_control_sfun_registry.obj
 0001:0000c614       $LN26                      000000018000d614     PID_control_sfun_registry.obj
 0001:0000e2c0       sf_debug_api_wrapper       000000018000f2c0 f   PID_control_sfun_registry.obj
 0001:0000e310       ProcessMexSfunctionCmdLineCall 000000018000f310 f   PID_control_sfun_registry.obj
 0001:0000e680       mdlSetWorkWidths           000000018000f680 f   PID_control_sfun_registry.obj
 0001:0000e6d0       mdlProcessParameters       000000018000f6d0 f   PID_control_sfun_registry.obj
 0001:0000e700       mdl_start_processing       000000018000f700 f   PID_control_sfun_registry.obj
 0001:0000e760       mdl_terminate_processing   000000018000f760 f   PID_control_sfun_registry.obj
 0001:0000e820       mdlStart                   000000018000f820 f   PID_control_sfun_registry.obj
 0001:0000e850       mdlTerminate               000000018000f850 f   PID_control_sfun_registry.obj
 0001:0000e880       mdlInitializeSizes         000000018000f880 f   PID_control_sfun_registry.obj
 0001:0000e8b0       mdlInitializeSampleTimes   000000018000f8b0 f   PID_control_sfun_registry.obj
 0001:0000e8e0       mdl_outputs_continuous_legacy 000000018000f8e0 f   PID_control_sfun_registry.obj
 0001:0000e9e0       mdl_outputs_processing     000000018000f9e0 f   PID_control_sfun_registry.obj
 0001:0000eb00       mdl_zeroCrossings_processing 000000018000fb00 f   PID_control_sfun_registry.obj
 0001:0000eb40       mdlZeroCrossings           000000018000fb40 f   PID_control_sfun_registry.obj
 0001:0000eb70       mdl_derivatives_processing 000000018000fb70 f   PID_control_sfun_registry.obj
 0001:0000ebc0       mdlDerivatives             000000018000fbc0 f   PID_control_sfun_registry.obj
 0001:0000ebf0       mdl_initialize_conditions_processing 000000018000fbf0 f   PID_control_sfun_registry.obj
 0001:0000ec40       mdlInitializeConditions    000000018000fc40 f   PID_control_sfun_registry.obj
 0001:0000ec70       mdl_ext_mode_exec_processing 000000018000fc70 f   PID_control_sfun_registry.obj
 0001:0000ecb0       mdlExtModeExec             000000018000fcb0 f   PID_control_sfun_registry.obj
 0001:0000ece0       mdlRTW                     000000018000fce0 f   PID_control_sfun_registry.obj
 0001:0000ed20       mdl_enable_processing      000000018000fd20 f   PID_control_sfun_registry.obj
 0001:0000ed60       mdlEnable                  000000018000fd60 f   PID_control_sfun_registry.obj
 0001:0000ed90       mdl_disable_processing     000000018000fd90 f   PID_control_sfun_registry.obj
 0001:0000edd0       mdlDisable                 000000018000fdd0 f   PID_control_sfun_registry.obj
 0001:0000ee00       mdlOutputs                 000000018000fe00 f   PID_control_sfun_registry.obj
 0001:0000ee30       mdl_update_processing      000000018000fe30 f   PID_control_sfun_registry.obj
 0001:0000ee80       mdlUpdate                  000000018000fe80 f   PID_control_sfun_registry.obj
 0001:0000f060       mdlGetTimeOfNextVarHit     0000000180010060 f   PID_control_sfun_registry.obj
 0001:0000f0b0       _RegNumInputPortsCB        00000001800100b0 f   PID_control_sfun_registry.obj
 0001:0000f130       _RegNumOutputPortsCB       0000000180010130 f   PID_control_sfun_registry.obj
 0001:0000f1b0       _CreateSimStruct           00000001800101b0 f   PID_control_sfun_registry.obj
 0001:0000f3b0       _ProcessMexSfunctionCmdLineCall 00000001800103b0 f   PID_control_sfun_registry.obj
 0001:0000fdf0       ReportIndexOutOfBoundsError 0000000180010df0 f   PID_control_sfun_registry.obj
 0001:00010594       capture_current_context    0000000180011594 f   MSVCRT:gs_report.obj
 0001:00010604       capture_previous_context   0000000180011604 f   MSVCRT:gs_report.obj
[...]
 0004:00000114       $pdata$c2_emlrt_marshallIn 000000018001b114     c2_PID_control.obj
 0004:00000120       $pdata$c2_b_emlrt_marshallIn 000000018001b120     c2_PID_control.obj
 0004:0000012c       $pdata$c2_sf_marshallIn    000000018001b12c     c2_PID_control.obj
 0004:00000138       $pdata$c2_b_sf_marshallOut 000000018001b138     c2_PID_control.obj
 0004:00000144       $pdata$c2_d_emlrt_marshallIn 000000018001b144     c2_PID_control.obj
 0004:00000150       $pdata$c2_e_emlrt_marshallIn 000000018001b150     c2_PID_control.obj
 0004:0000015c       $pdata$init_simulink_io_address 000000018001b15c     c2_PID_control.obj
 0004:00000168       $pdata$sf_c2_PID_control_get_post_codegen_info 000000018001b168     c2_PID_control.obj
 0004:00000174       $pdata$sf_c2_PID_control_get_autoinheritance_info 000000018001b174     c2_PID_control.obj
 0004:00000180       $pdata$sf_c2_PID_control_third_party_uses_info 000000018001b180     c2_PID_control.obj
 0004:0000018c       $pdata$sf_c2_PID_control_jit_fallback_info 000000018001b18c     c2_PID_control.obj
 0004:00000198       $pdata$sf_c2_PID_control_updateBuildInfo_args_info 000000018001b198     c2_PID_control.obj
 0004:000001a4       $pdata$sf_get_sim_state_info_c2_PID_control 000000018001b1a4     c2_PID_control.obj
 0004:000001b0       $pdata$sf_opaque_initialize_c2_PID_control 000000018001b1b0     c2_PID_control.obj
 0004:000001bc       $pdata$sf_opaque_enable_c2_PID_control 000000018001b1bc     c2_PID_control.obj
 0004:000001c8       $pdata$sf_opaque_disable_c2_PID_control 000000018001b1c8     c2_PID_control.obj
 0004:000001d4       $pdata$sf_opaque_gateway_c2_PID_control 000000018001b1d4     c2_PID_control.obj
 0004:000001e0       $pdata$sf_opaque_get_sim_state_c2_PID_control 000000018001b1e0     c2_PID_control.obj
 0004:000001ec       $pdata$sf_opaque_set_sim_state_c2_PID_control 000000018001b1ec     c2_PID_control.obj
 0004:000001f8       $pdata$sf_opaque_terminate_c2_PID_control 000000018001b1f8     c2_PID_control.obj
 0004:00000204       $pdata$mdlProcessParameters_c2_PID_control 000000018001b204     c2_PID_control.obj
 0004:00000210       $pdata$mdlSetWorkWidths_c2_PID_control 000000018001b210     c2_PID_control.obj
 0004:0000021c       $pdata$mdlRTW_c2_PID_control 000000018001b21c     c2_PID_control.obj
 0004:00000228       $pdata$mdlStart_c2_PID_control 000000018001b228     c2_PID_control.obj
 0004:00000234       $pdata$mexFunction         000000018001b234     PID_control_sfun_registry.obj
 0004:00000240       $pdata$_ssSetInputPortDirectFeedThroughFcn 000000018001b240     PID_control_sfun_registry.obj
 0004:0000024c       $pdata$_ssGetInputPortSignalPtrsFcn 000000018001b24c     PID_control_sfun_registry.obj
 0004:00000258       $pdata$_ssGetInputPortSignalFcn 000000018001b258     PID_control_sfun_registry.obj
 0004:00000264       $pdata$_ssSetInputPortReusableFcn 000000018001b264     PID_control_sfun_registry.obj
 0004:00000270       $pdata$_ssSetOutputPortReusableFcn 000000018001b270     PID_control_sfun_registry.obj
 0004:0000027c       $pdata$_ssSetSymbolicDimsSupport 000000018001b27c     PID_control_sfun_registry.obj
 0004:00000288       $pdata$_ssRegisterSymbolicDimsExpr 000000018001b288     PID_control_sfun_registry.obj
 0004:00000294       $pdata$_ssRegisterSymbolicDims 000000018001b294     PID_control_sfun_registry.obj
 0004:000002a0       $pdata$_ssRegisterSymbolicDimsString 000000018001b2a0     PID_control_sfun_registry.obj
 0004:000002ac       $pdata$_ssRegisterSymbolicDimsIntValue 000000018001b2ac     PID_control_sfun_registry.obj
 0004:000002b8       $pdata$_ssRegisterSymbolicDimsPlus 000000018001b2b8     PID_control_sfun_registry.obj
 0004:000002c4       $pdata$_ssRegisterSymbolicDimsMinus 000000018001b2c4     PID_control_sfun_registry.obj
 0004:000002d0       $pdata$_ssRegisterSymbolicDimsMultiply 000000018001b2d0     PID_control_sfun_registry.obj
 0004:000002dc       $pdata$_ssRegisterSymbolicDimsDivide 000000018001b2dc     PID_control_sfun_registry.obj
 0004:000002e8       $pdata$_ssGetNumSymbolicDims 000000018001b2e8     PID_control_sfun_registry.obj
 0004:000002f4       $pdata$_ssGetSymbolicDim   000000018001b2f4     PID_control_sfun_registry.obj
 0004:00000300       $pdata$_ssSetInputPortSymbolicDimsId 000000018001b300     PID_control_sfun_registry.obj
 0004:0000030c       $pdata$_ssGetCompInputPortSymbolicDimsId 000000018001b30c     PID_control_sfun_registry.obj
 0004:00000318       $pdata$_ssSetCompInputPortSymbolicDimsId 000000018001b318     PID_control_sfun_registry.obj
 0004:00000324       $pdata$_ssSetOutputPortSymbolicDimsId 000000018001b324     PID_control_sfun_registry.obj
 0004:00000330       $pdata$_ssGetCompOutputPortSymbolicDimsId 000000018001b330     PID_control_sfun_registry.obj
 0004:0000033c       $pdata$_ssSetCompOutputPortSymbolicDimsId 000000018001b33c     PID_control_sfun_registry.obj
 0004:00000348       $pdata$_ssSetCompDWorkSymbolicDimsId 000000018001b348     PID_control_sfun_registry.obj
 0004:00000354       $pdata$ssGetIsZeroCrossControlDisabled 000000018001b354     PID_control_sfun_registry.obj
 0004:00000360       $pdata$ssSetIsInputPortUsedForContZcSignal 000000018001b360     PID_control_sfun_registry.obj
 0004:0000036c       $pdata$ssSetZcSignalIsZcElementDisc 000000018001b36c     PID_control_sfun_registry.obj
 0004:00000378       $pdata$ssSetZcSignalName   000000018001b378     PID_control_sfun_registry.obj
 0004:00000384       $pdata$ssSetZcSignalWidth  000000018001b384     PID_control_sfun_registry.obj
 0004:00000390       $pdata$ssSetZcSignalZcEventType 000000018001b390     PID_control_sfun_registry.obj
 0004:0000039c       $pdata$ssSetZcSignalType   000000018001b39c     PID_control_sfun_registry.obj
 0004:000003a8       $pdata$ssSetZcSignalZcTol  000000018001b3a8     PID_control_sfun_registry.obj
 0004:000003b4       $pdata$ssSetZcSignalNeedsEventNotification 000000018001b3b4     PID_control_sfun_registry.obj
 0004:000003c0       $pdata$ssCreateAndAddZcSignalInfo 000000018001b3c0     PID_control_sfun_registry.obj
 0004:000003cc       $pdata$ssCloneAndAddZcSignalInfo 000000018001b3cc     PID_control_sfun_registry.obj
 0004:000003d8       $pdata$ssGetNumZcSignals   000000018001b3d8     PID_control_sfun_registry.obj
 0004:000003e4       $pdata$ssGetZcSignalVector 000000018001b3e4     PID_control_sfun_registry.obj
 0004:000003f0       $pdata$ssGetZcSignalName   000000018001b3f0     PID_control_sfun_registry.obj
 0004:000003fc       $pdata$ssGetZcSignalWidth  000000018001b3fc     PID_control_sfun_registry.obj
 0004:00000408       $pdata$ssGetZcSignalZcEventType 000000018001b408     PID_control_sfun_registry.obj
 0004:00000414       $pdata$ssGetZcSignalZcEvents 000000018001b414     PID_control_sfun_registry.obj
 0004:00000420       $pdata$ssGetZcSignalType   000000018001b420     PID_control_sfun_registry.obj
 0004:0000042c       $pdata$ssGetZcSignalZcTol  000000018001b42c     PID_control_sfun_registry.obj
 0004:00000438       $pdata$ssGetZcSignalNeedsEventNotification 000000018001b438     PID_control_sfun_registry.obj
 0004:00000444       $pdata$ssGetZcSignalIsZcElementDisc 000000018001b444     PID_control_sfun_registry.obj
 0004:00000450       $pdata$ssGetIsInputPortElementContinuous 000000018001b450     PID_control_sfun_registry.obj
 0004:0000045c       $pdata$_ssSetIWorkValueFcn 000000018001b45c     PID_control_sfun_registry.obj
 0004:00000468       $pdata$_ssGetIWorkValueFcn 000000018001b468     PID_control_sfun_registry.obj
 0004:00000474       $pdata$_ssSetRWorkValueFcn 000000018001b474     PID_control_sfun_registry.obj
 0004:00000480       $pdata$_ssGetRWorkValueFcn 000000018001b480     PID_control_sfun_registry.obj
 0004:0000048c       $pdata$_ssSetPWorkValueFcn 000000018001b48c     PID_control_sfun_registry.obj
 0004:00000498       $pdata$_ssGetPWorkValueFcn 000000018001b498     PID_control_sfun_registry.obj
 0004:000004a4       $pdata$ssGetDTypeIdFromMxArray 000000018001b4a4     PID_control_sfun_registry.obj
 0004:000004b0       $pdata$ssWriteRTWStr       000000018001b4b0     PID_control_sfun_registry.obj
 0004:000004bc       $pdata$ssWriteRTWNameValuePair 000000018001b4bc     PID_control_sfun_registry.obj
 0004:000004c8       $pdata$ssWriteRTWParamSettings 000000018001b4c8     PID_control_sfun_registry.obj
 0004:000004d4       $pdata$ssWriteRTWParameters 000000018001b4d4     PID_control_sfun_registry.obj
 0004:000004e0       $pdata$ssWriteRTWWorkVect  000000018001b4e0     PID_control_sfun_registry.obj
 0004:000004ec       $pdata$ssWriteRTWMxVectParam 000000018001b4ec     PID_control_sfun_registry.obj
 0004:000004f8       $pdata$ssWriteRTWMx2dMatParam 000000018001b4f8     PID_control_sfun_registry.obj
 0004:00000504       $pdata$_ssSetInputPortMatrixDimensions 000000018001b504     PID_control_sfun_registry.obj
 0004:00000510       $pdata$_ssSetOutputPortMatrixDimensions 000000018001b510     PID_control_sfun_registry.obj
 0004:0000051c       $pdata$_ssSetInputPortVectorDimension 000000018001b51c     PID_control_sfun_registry.obj
 0004:00000528       $pdata$_ssSetOutputPortVectorDimension 000000018001b528     PID_control_sfun_registry.obj
 0004:00000534       $pdata$ssIsRunTimeParamTunable 000000018001b534     PID_control_sfun_registry.obj
 0004:00000540       $pdata$ssGetSFuncBlockHandle 000000018001b540     PID_control_sfun_registry.obj
 0004:0000054c       $pdata$_ssGetCurrentInputPortWidth 000000018001b54c     PID_control_sfun_registry.obj
 0004:00000558       $pdata$_ssGetCurrentOutputPortWidth 000000018001b558     PID_control_sfun_registry.obj
 0004:00000564       $pdata$_ssGetCallSystemNumFcnCallDestinations 000000018001b564     PID_control_sfun_registry.obj
 0004:00000570       $pdata$ssGetParameterTuningCompliance 000000018001b570     PID_control_sfun_registry.obj
 0004:0000057c       $pdata$ssWarning           000000018001b57c     PID_control_sfun_registry.obj
 0004:00000588       $pdata$_ssGetAbsTol        000000018001b588     PID_control_sfun_registry.obj
 0004:00000594       $pdata$sf_process_check_sum_call 000000018001b594     PID_control_sfun_registry.obj
 0004:000005a0       $pdata$sf_process_autoinheritance_call 000000018001b5a0     PID_control_sfun_registry.obj
 0004:000005ac       $pdata$sf_process_get_third_party_uses_info_call 000000018001b5ac     PID_control_sfun_registry.obj
 0004:000005b8       $pdata$sf_process_get_jit_fallback_info_call 000000018001b5b8     PID_control_sfun_registry.obj
 0004:000005c4       $pdata$sf_process_get_updateBuildInfo_args_info_call 000000018001b5c4     PID_control_sfun_registry.obj
 0004:000005d0       $pdata$sf_process_get_eml_resolved_functions_info_call 000000018001b5d0     PID_control_sfun_registry.obj
 0004:000005dc       $pdata$sf_mex_unlock_call  000000018001b5dc     PID_control_sfun_registry.obj
 0004:000005e8       $pdata$sf_debug_api_wrapper 000000018001b5e8     PID_control_sfun_registry.obj
 0004:000005f4       $pdata$ProcessMexSfunctionCmdLineCall 000000018001b5f4     PID_control_sfun_registry.obj
 0004:00000600       $pdata$sf_machine_global_initializer_called 000000018001b600     PID_control_sfun_registry.obj
 0004:0000060c       $pdata$sf_machine_global_method_dispatcher 000000018001b60c     PID_control_sfun_registry.obj
 0004:00000618       $pdata$sf_machine_global_terminator 000000018001b618     PID_control_sfun_registry.obj
 0004:00000624       $pdata$sf_register_machine_exported_symbols 000000018001b624     PID_control_sfun_registry.obj
 0004:00000630       $pdata$sf_machine_global_initializer 000000018001b630     PID_control_sfun_registry.obj
 0004:0000063c       $pdata$mdlGetSimState      000000018001b63c     PID_control_sfun_registry.obj
 0004:00000648       $pdata$mdlSetSimState      000000018001b648     PID_control_sfun_registry.obj
 0004:00000654       $pdata$mdlSetWorkWidths    000000018001b654     PID_control_sfun_registry.obj
 0004:00000660       $pdata$mdlProcessParameters 000000018001b660     PID_control_sfun_registry.obj
 0004:0000066c       $pdata$mdl_start_processing 000000018001b66c     PID_control_sfun_registry.obj
 0004:00000678       $pdata$mdl_terminate_processing 000000018001b678     PID_control_sfun_registry.obj
 0004:00000684       $pdata$mdlStart            000000018001b684     PID_control_sfun_registry.obj
 0004:00000690       $pdata$mdlTerminate        000000018001b690     PID_control_sfun_registry.obj
 0004:0000069c       $pdata$mdlInitializeSizes  000000018001b69c     PID_control_sfun_registry.obj
 0004:000006a8       $pdata$mdlInitializeSampleTimes 000000018001b6a8     PID_control_sfun_registry.obj
 0004:000006b4       $pdata$mdl_outputs_continuous_legacy 000000018001b6b4     PID_control_sfun_registry.obj
 0004:000006c0       $pdata$mdl_outputs_processing 000000018001b6c0     PID_control_sfun_registry.obj
 0004:000006cc       $pdata$mdl_zeroCrossings_processing 000000018001b6cc     PID_control_sfun_registry.obj
 0004:000006d8       $pdata$mdlZeroCrossings    000000018001b6d8     PID_control_sfun_registry.obj
 0004:000006e4       $pdata$mdl_derivatives_processing 000000018001b6e4     PID_control_sfun_registry.obj
 0004:000006f0       $pdata$mdlDerivatives      000000018001b6f0     PID_control_sfun_registry.obj
 0004:000006fc       $pdata$mdl_initialize_conditions_processing 000000018001b6fc     PID_control_sfun_registry.obj
 0004:00000708       $pdata$mdlInitializeConditions 000000018001b708     PID_control_sfun_registry.obj
 0004:00000714       $pdata$mdl_ext_mode_exec_processing 000000018001b714     PID_control_sfun_registry.obj
 0004:00000720       $pdata$mdlExtModeExec      000000018001b720     PID_control_sfun_registry.obj
 0004:0000072c       $pdata$mdlRTW              000000018001b72c     PID_control_sfun_registry.obj
 0004:00000738       $pdata$mdl_enable_processing 000000018001b738     PID_control_sfun_registry.obj
 0004:00000744       $pdata$mdlEnable           000000018001b744     PID_control_sfun_registry.obj
 0004:00000750       $pdata$mdl_disable_processing 000000018001b750     PID_control_sfun_registry.obj
 0004:0000075c       $pdata$mdlDisable          000000018001b75c     PID_control_sfun_registry.obj
 0004:00000768       $pdata$mdlOutputs          000000018001b768     PID_control_sfun_registry.obj
 0004:00000774       $pdata$mdl_update_processing 000000018001b774     PID_control_sfun_registry.obj
 0004:00000780       $pdata$mdlUpdate           000000018001b780     PID_control_sfun_registry.obj
 0004:0000078c       $pdata$ProcessMexSfunctionEveryCall 000000018001b78c     PID_control_sfun_registry.obj
 0004:00000798       $pdata$_RegNumInputPortsCB 000000018001b798     PID_control_sfun_registry.obj
 0004:000007a4       $pdata$_RegNumOutputPortsCB 000000018001b7a4     PID_control_sfun_registry.obj
 0004:000007b0       $pdata$_CreateSimStruct    000000018001b7b0     PID_control_sfun_registry.obj
 0004:000007bc       $pdata$_ProcessMexSfunctionCmdLineCall 000000018001b7bc     PID_control_sfun_registry.obj
 0004:000007c8       $pdata$ReportIndexOutOfBoundsError 000000018001b7c8     PID_control_sfun_registry.obj
 0004:000007d4       $pdata$_vsnprintf_l        000000018001b7d4     PID_control_sfun_registry.obj
 0004:000007e0       $pdata$_vsprintf_l         000000018001b7e0     PID_control_sfun_registry.obj
 0004:000007ec       $pdata$sprintf             000000018001b7ec     PID_control_sfun_registry.obj
 0004:000007f8       $pdata$__raise_securityfailure 000000018001b7f8     MSVCRT:gs_report.obj
 0004:00000804       $pdata$__report_gsfailure  000000018001b804     MSVCRT:gs_report.obj
 0004:00000810       $pdata$__report_rangecheckfailure 000000018001b810     MSVCRT:gs_report.obj
 0004:0000081c       $pdata$__report_securityfailure 000000018001b81c     MSVCRT:gs_report.obj
 0004:00000828       $pdata$__report_securityfailureEx 000000018001b828     MSVCRT:gs_report.obj
 0004:00000834       $pdata$capture_current_context 000000018001b834     MSVCRT:gs_report.obj
 0004:00000840       $pdata$capture_previous_context 000000018001b840     MSVCRT:gs_report.obj
 0004:0000084c       $pdata$__GSHandlerCheck    000000018001b84c     MSVCRT:_gshandler_.obj
 0004:00000858       $pdata$__GSHandlerCheckCommon 000000018001b858     MSVCRT:_gshandler_.obj
 0004:00000870       $pdata$?dllmain_crt_dispatch@@YAHQEAUHINSTANCE__@@KQEAX@Z 000000018001b870     MSVCRT:dll_dllmain.obj
 0004:0000087c       $pdata$?dllmain_crt_process_attach@@YAHQEAUHINSTANCE__@@QEAX@Z 000000018001b87c     MSVCRT:dll_dllmain.obj
 0004:00000888       $pdata$?dllmain_crt_process_detach@@YAH_N@Z 000000018001b888     MSVCRT:dll_dllmain.obj
 0004:00000894       $pdata$?dllmain_dispatch@@YAHQEAUHINSTANCE__@@KQEAX@Z 000000018001b894     MSVCRT:dll_dllmain.obj
 0004:000008a0       $pdata$_DllMainCRTStartup  000000018001b8a0     MSVCRT:dll_dllmain.obj
 0004:000008ac       $pdata$__get_entropy       000000018001b8ac     MSVCRT:gs_support.obj
 0004:000008b8       $pdata$__security_init_cookie 000000018001b8b8     MSVCRT:gs_support.obj
 0004:000008c4       $pdata$DllMain             000000018001b8c4     MSVCRT:dll_dllmain_stub.obj
 0004:000008d0       $pdata$__scrt_initialize_default_local_stdio_options 000000018001b8d0     MSVCRT:default_local_stdio_options.obj
 0004:000008dc       $pdata$?configure_argv@__scrt_narrow_argv_policy@@SAHXZ 000000018001b8dc     MSVCRT:utility.obj
 0004:000008e8       $pdata$__scrt_acquire_startup_lock 000000018001b8e8     MSVCRT:utility.obj
 0004:000008f4       $pdata$__scrt_dllmain_after_initialize_c 000000018001b8f4     MSVCRT:utility.obj
 0004:00000900       $pdata$__scrt_dllmain_before_initialize_c 000000018001b900     MSVCRT:utility.obj
 0004:0000090c       $pdata$__scrt_dllmain_crt_thread_attach 000000018001b90c     MSVCRT:utility.obj
 0004:00000918       $pdata$__scrt_dllmain_crt_thread_detach 000000018001b918     MSVCRT:utility.obj
 0004:00000924       $pdata$__scrt_dllmain_exception_filter 000000018001b924     MSVCRT:utility.obj
 0004:00000930       $pdata$__scrt_dllmain_uninitialize_c 000000018001b930     MSVCRT:utility.obj
 0004:0000093c       $pdata$__scrt_dllmain_uninitialize_critical 000000018001b93c     MSVCRT:utility.obj
 0004:00000948       $pdata$__scrt_initialize_crt 000000018001b948     MSVCRT:utility.obj
 0004:00000954       $pdata$__scrt_initialize_onexit_tables 000000018001b954     MSVCRT:utility.obj
 0004:00000960       $pdata$__scrt_is_nonwritable_in_current_image 000000018001b960     MSVCRT:utility.obj
 0004:0000096c       $pdata$__scrt_release_startup_lock 000000018001b96c     MSVCRT:utility.obj
 0004:00000978       $pdata$__scrt_uninitialize_crt 000000018001b978     MSVCRT:utility.obj
 0004:00000984       $pdata$_onexit             000000018001b984     MSVCRT:utility.obj
 0004:00000990       $pdata$atexit              000000018001b990     MSVCRT:utility.obj
 0004:0000099c       $pdata$__scrt_fastfail     000000018001b99c     MSVCRT:utility_desktop.obj
 0004:000009a8       $pdata$__scrt_get_show_window_mode 000000018001b9a8     MSVCRT:utility_desktop.obj
 0004:000009b4       $pdata$__scrt_is_managed_app 000000018001b9b4     MSVCRT:utility_desktop.obj
 0004:000009c0       $pdata$__scrt_unhandled_exception_filter 000000018001b9c0     MSVCRT:utility_desktop.obj
 0004:000009cc       $pdata$_RTC_Initialize     000000018001b9cc     MSVCRT:_initsect_.obj
 0004:000009d8       $pdata$_RTC_Terminate      000000018001b9d8     MSVCRT:_initsect_.obj
 0004:000009e4       $pdata$__isa_available_init 000000018001b9e4     MSVCRT:_cpu_disp_.obj
 0004:000009fc       $pdata$?fin$0@?0??dllmain_crt_process_attach@@YAHQEAUHINSTANCE__@@QEAX@Z@4HA 000000018001b9fc     MSVCRT:dll_dllmain.obj
 0004:00000a08       $pdata$?fin$0@?0??dllmain_crt_process_detach@@YAH_N@Z@4HA 000000018001ba08     MSVCRT:dll_dllmain.obj
 0004:00000a14       $pdata$?filt$0@?0??dllmain_dispatch@@YAHQEAUHINSTANCE__@@KQEAX@Z@4HA 000000018001ba14     MSVCRT:dll_dllmain.obj
 0004:00000a20       $pdata$__scrt_is_nonwritable_in_current_image$filt$0 000000018001ba20     MSVCRT:utility.obj
